ARM Linker, 5.03 [Build 24] [MDK-ARM Standard]

==============================================================================

Section Cross References

    system_stm32f10x.o(.text) refers to system_stm32f10x.o(.data) for SystemCoreClock
    startup_stm32f10x_md.o(STACK) refers (Special) to heapauxi.o(.text) for __use_two_region_memory
    startup_stm32f10x_md.o(HEAP) refers (Special) to heapauxi.o(.text) for __use_two_region_memory
    startup_stm32f10x_md.o(RESET) refers (Special) to heapauxi.o(.text) for __use_two_region_memory
    startup_stm32f10x_md.o(RESET) refers to startup_stm32f10x_md.o(STACK) for __initial_sp
    startup_stm32f10x_md.o(RESET) refers to startup_stm32f10x_md.o(.text) for Reset_Handler
    startup_stm32f10x_md.o(RESET) refers to stm32f10x_it.o(.text) for NMI_Handler
    startup_stm32f10x_md.o(.text) refers (Special) to heapauxi.o(.text) for __use_two_region_memory
    startup_stm32f10x_md.o(.text) refers to system_stm32f10x.o(.text) for SystemInit
    startup_stm32f10x_md.o(.text) refers to __main.o(!!!main) for __main
    startup_stm32f10x_md.o(.text) refers to startup_stm32f10x_md.o(HEAP) for Heap_Mem
    startup_stm32f10x_md.o(.text) refers to startup_stm32f10x_md.o(STACK) for Stack_Mem
    stm32f10x_rcc.o(.text) refers to stm32f10x_rcc.o(.data) for APBAHBPrescTable
    stm32f10x_adc.o(.text) refers to stm32f10x_rcc.o(.text) for RCC_APB2PeriphResetCmd
    stm32f10x_gpio.o(.text) refers to stm32f10x_rcc.o(.text) for RCC_APB2PeriphResetCmd
    stm32f10x_spi.o(.text) refers to stm32f10x_rcc.o(.text) for RCC_APB2PeriphResetCmd
    stm32f10x_tim.o(.text) refers to stm32f10x_rcc.o(.text) for RCC_APB2PeriphResetCmd
    stm32f10x_usart.o(.text) refers to stm32f10x_rcc.o(.text) for RCC_APB2PeriphResetCmd
    stm32f10x_i2c.o(.text) refers to stm32f10x_rcc.o(.text) for RCC_APB1PeriphResetCmd
    main.o(.text) refers to eeprom.o(.text) for EEPROM_Read
    main.o(.text) refers to uart.o(.text) for UARTOpen
    main.o(.text) refers to led.o(.text) for LedOpen
    main.o(.text) refers to adc.o(.text) for ADCLowLevelInit
    main.o(.text) refers to spi.o(.text) for SPILowLevelInit
    main.o(.text) refers to timer.o(.text) for Timer3Init
    main.o(.text) refers to usmart.o(.text) for usmart_init
    main.o(.text) refers to stickknob.o(.text) for StickKnobOpen
    main.o(.text) refers to button.o(.text) for BtnOpen
    main.o(.text) refers to bk242x.o(.text) for RFDeviceOpen
    main.o(.text) refers to system_stm32f10x.o(.data) for SystemCoreClock
    main.o(.text) refers to bk242x.o(.data) for Bk242xTx
    stm32f10x_it.o(.text) refers to led.o(.text) for LedTick
    stm32f10x_it.o(.text) refers to usmart.o(.text) for USMARTStick
    stm32f10x_it.o(.text) refers to stm32f10x_usart.o(.text) for USART_GetITStatus
    stm32f10x_it.o(.text) refers to stm32f10x_it.o(.data) for tick20ms
    stm32f10x_it.o(.text) refers to uart.o(.data) for USART_RX_STA
    stm32f10x_it.o(.text) refers to uart.o(.bss) for USART_RX_BUF
    led.o(.text) refers to stm3210e_eval.o(.text) for STM_EVAL_LEDInit
    led.o(.text) refers to led.o(.data) for LedTimer
    adc.o(.text) refers to stm32f10x_rcc.o(.text) for RCC_APB2PeriphClockCmd
    adc.o(.text) refers to stm3210e_eval.o(.text) for STM_EVAL_ADC_Port_Init
    adc.o(.text) refers to stm32f10x_adc.o(.text) for ADC_Init
    spi.o(.text) refers to stm3210e_eval.o(.text) for Bk242x_LowLevel_Init
    spi.o(.text) refers to stm32f10x_gpio.o(.text) for GPIO_SetBits
    spi.o(.text) refers to stm32f10x_spi.o(.text) for SPI_Init
    uart.o(.text) refers to misc.o(.text) for NVIC_PriorityGroupConfig
    uart.o(.text) refers to stm3210e_eval.o(.text) for STM_EVAL_COMInit
    uart.o(.text) refers to stm32f10x_usart.o(.text) for USART_ITConfig
    uart.o(.text) refers to noretval__2printf.o(.text) for __2printf
    uart.o(.text) refers to uart.o(.constdata) for .constdata
    eeprom.o(.text) refers to stm32f10x_flash.o(.text) for FLASH_UnlockBank1
    eeprom.o(.text) refers to eeprom.o(.data) for NbrOfPage
    eeprom.o(.text) refers to eeprom.o(.bss) for ConfigGlobal
    button.o(.text) refers to adc.o(.text) for UserADCGetValue
    button.o(.text) refers to button.o(.bss) for ButtonBuf
    button.o(.text) refers to button.o(.data) for BtnLeftStickRollL
    button.o(.data) refers to button.o(.bss) for ButtonBuf
    stickknob.o(.text) refers to adc.o(.text) for UserADCGetValue
    stickknob.o(.text) refers to fflt_clz.o(x$fpl$fflt) for __aeabi_i2f
    stickknob.o(.text) refers to fleqf.o(x$fpl$fleqf) for __aeabi_cfcmple
    stickknob.o(.text) refers to fdiv.o(x$fpl$fdiv) for __aeabi_fdiv
    stickknob.o(.text) refers to fmul.o(x$fpl$fmul) for __aeabi_fmul
    stickknob.o(.text) refers to ffixu.o(x$fpl$ffixu) for __aeabi_f2uiz
    stickknob.o(.text) refers to eeprom.o(.text) for EEPROM_Write
    stickknob.o(.text) refers to stickknob.o(.data) for pStickKnobBuf
    stickknob.o(.data) refers to eeprom.o(.bss) for ConfigGlobal
[...]
    DMA1_Channel7_IRQHandler                 0x080003eb   Thumb Code     0  startup_stm32f10x_md.o(.text)
    EXTI0_IRQHandler                         0x080003eb   Thumb Code     0  startup_stm32f10x_md.o(.text)
    EXTI15_10_IRQHandler                     0x080003eb   Thumb Code     0  startup_stm32f10x_md.o(.text)
    EXTI1_IRQHandler                         0x080003eb   Thumb Code     0  startup_stm32f10x_md.o(.text)
    EXTI2_IRQHandler                         0x080003eb   Thumb Code     0  startup_stm32f10x_md.o(.text)
    EXTI3_IRQHandler                         0x080003eb   Thumb Code     0  startup_stm32f10x_md.o(.text)
    EXTI4_IRQHandler                         0x080003eb   Thumb Code     0  startup_stm32f10x_md.o(.text)
    EXTI9_5_IRQHandler                       0x080003eb   Thumb Code     0  startup_stm32f10x_md.o(.text)
    FLASH_IRQHandler                         0x080003eb   Thumb Code     0  startup_stm32f10x_md.o(.text)
    I2C1_ER_IRQHandler                       0x080003eb   Thumb Code     0  startup_stm32f10x_md.o(.text)
    I2C1_EV_IRQHandler                       0x080003eb   Thumb Code     0  startup_stm32f10x_md.o(.text)
    I2C2_ER_IRQHandler                       0x080003eb   Thumb Code     0  startup_stm32f10x_md.o(.text)
    I2C2_EV_IRQHandler                       0x080003eb   Thumb Code     0  startup_stm32f10x_md.o(.text)
    PVD_IRQHandler                           0x080003eb   Thumb Code     0  startup_stm32f10x_md.o(.text)
    RCC_IRQHandler                           0x080003eb   Thumb Code     0  startup_stm32f10x_md.o(.text)
    RTCAlarm_IRQHandler                      0x080003eb   Thumb Code     0  startup_stm32f10x_md.o(.text)
    RTC_IRQHandler                           0x080003eb   Thumb Code     0  startup_stm32f10x_md.o(.text)
    SPI1_IRQHandler                          0x080003eb   Thumb Code     0  startup_stm32f10x_md.o(.text)
    SPI2_IRQHandler                          0x080003eb   Thumb Code     0  startup_stm32f10x_md.o(.text)
    TAMPER_IRQHandler                        0x080003eb   Thumb Code     0  startup_stm32f10x_md.o(.text)
    TIM1_BRK_IRQHandler                      0x080003eb   Thumb Code     0  startup_stm32f10x_md.o(.text)
    TIM1_CC_IRQHandler                       0x080003eb   Thumb Code     0  startup_stm32f10x_md.o(.text)
    TIM1_TRG_COM_IRQHandler                  0x080003eb   Thumb Code     0  startup_stm32f10x_md.o(.text)
    TIM1_UP_IRQHandler                       0x080003eb   Thumb Code     0  startup_stm32f10x_md.o(.text)
    TIM2_IRQHandler                          0x080003eb   Thumb Code     0  startup_stm32f10x_md.o(.text)
    TIM3_IRQHandler                          0x080003eb   Thumb Code     0  startup_stm32f10x_md.o(.text)
    TIM4_IRQHandler                          0x080003eb   Thumb Code     0  startup_stm32f10x_md.o(.text)
    USART2_IRQHandler                        0x080003eb   Thumb Code     0  startup_stm32f10x_md.o(.text)
    USART3_IRQHandler                        0x080003eb   Thumb Code     0  startup_stm32f10x_md.o(.text)
    USBWakeUp_IRQHandler                     0x080003eb   Thumb Code     0  startup_stm32f10x_md.o(.text)
    USB_HP_CAN1_TX_IRQHandler                0x080003eb   Thumb Code     0  startup_stm32f10x_md.o(.text)
    USB_LP_CAN1_RX0_IRQHandler               0x080003eb   Thumb Code     0  startup_stm32f10x_md.o(.text)
    WWDG_IRQHandler                          0x080003eb   Thumb Code     0  startup_stm32f10x_md.o(.text)
    __user_initial_stackheap                 0x080003ed   Thumb Code     0  startup_stm32f10x_md.o(.text)
    RCC_DeInit                               0x08000411   Thumb Code    64  stm32f10x_rcc.o(.text)
    RCC_HSEConfig                            0x08000451   Thumb Code    70  stm32f10x_rcc.o(.text)
    RCC_GetFlagStatus                        0x08000497   Thumb Code    56  stm32f10x_rcc.o(.text)
    RCC_WaitForHSEStartUp                    0x080004cf   Thumb Code    56  stm32f10x_rcc.o(.text)
    RCC_AdjustHSICalibrationValue            0x08000507   Thumb Code    20  stm32f10x_rcc.o(.text)
    RCC_HSICmd                               0x0800051b   Thumb Code     6  stm32f10x_rcc.o(.text)
    RCC_PLLConfig                            0x08000521   Thumb Code    24  stm32f10x_rcc.o(.text)
    RCC_PLLCmd                               0x08000539   Thumb Code     6  stm32f10x_rcc.o(.text)
    RCC_SYSCLKConfig                         0x0800053f   Thumb Code    18  stm32f10x_rcc.o(.text)
    RCC_GetSYSCLKSource                      0x08000551   Thumb Code    10  stm32f10x_rcc.o(.text)
    RCC_HCLKConfig                           0x0800055b   Thumb Code    18  stm32f10x_rcc.o(.text)
    RCC_PCLK1Config                          0x0800056d   Thumb Code    18  stm32f10x_rcc.o(.text)
    RCC_PCLK2Config                          0x0800057f   Thumb Code    20  stm32f10x_rcc.o(.text)
    RCC_ITConfig                             0x08000593   Thumb Code    26  stm32f10x_rcc.o(.text)
    RCC_USBCLKConfig                         0x080005ad   Thumb Code     6  stm32f10x_rcc.o(.text)
    RCC_ADCCLKConfig                         0x080005b3   Thumb Code    18  stm32f10x_rcc.o(.text)
    RCC_LSEConfig                            0x080005c5   Thumb Code    44  stm32f10x_rcc.o(.text)
    RCC_LSICmd                               0x080005f1   Thumb Code     6  stm32f10x_rcc.o(.text)
    RCC_RTCCLKConfig                         0x080005f7   Thumb Code    12  stm32f10x_rcc.o(.text)
    RCC_RTCCLKCmd                            0x08000603   Thumb Code     8  stm32f10x_rcc.o(.text)
    RCC_GetClocksFreq                        0x0800060b   Thumb Code   192  stm32f10x_rcc.o(.text)
    RCC_AHBPeriphClockCmd                    0x080006cb   Thumb Code    26  stm32f10x_rcc.o(.text)
    RCC_APB2PeriphClockCmd                   0x080006e5   Thumb Code    26  stm32f10x_rcc.o(.text)
    RCC_APB1PeriphClockCmd                   0x080006ff   Thumb Code    26  stm32f10x_rcc.o(.text)
    RCC_APB2PeriphResetCmd                   0x08000719   Thumb Code    26  stm32f10x_rcc.o(.text)
    RCC_APB1PeriphResetCmd                   0x08000733   Thumb Code    26  stm32f10x_rcc.o(.text)
    RCC_BackupResetCmd                       0x0800074d   Thumb Code     8  stm32f10x_rcc.o(.text)
    RCC_ClockSecuritySystemCmd               0x08000755   Thumb Code     6  stm32f10x_rcc.o(.text)
    RCC_MCOConfig                            0x0800075b   Thumb Code     6  stm32f10x_rcc.o(.text)
    RCC_ClearFlag                            0x08000761   Thumb Code    14  stm32f10x_rcc.o(.text)
    RCC_GetITStatus                          0x0800076f   Thumb Code    20  stm32f10x_rcc.o(.text)
    RCC_ClearITPendingBit                    0x08000783   Thumb Code     6  stm32f10x_rcc.o(.text)
    NVIC_PriorityGroupConfig                 0x080007b5   Thumb Code    10  misc.o(.text)
    NVIC_Init                                0x080007bf   Thumb Code   102  misc.o(.text)
    NVIC_SetVectorTable                      0x08000825   Thumb Code    14  misc.o(.text)
    NVIC_SystemLPConfig                      0x08000833   Thumb Code    34  misc.o(.text)
    SysTick_CLKSourceConfig                  0x08000855   Thumb Code    40  misc.o(.text)
    ADC_DeInit                               0x08000891   Thumb Code    78  stm32f10x_adc.o(.text)
    ADC_Init                                 0x080008df   Thumb Code    70  stm32f10x_adc.o(.text)
    ADC_StructInit                           0x08000925   Thumb Code    18  stm32f10x_adc.o(.text)
    ADC_Cmd                                  0x08000937   Thumb Code    22  stm32f10x_adc.o(.text)
    ADC_DMACmd                               0x0800094d   Thumb Code    22  stm32f10x_adc.o(.text)
    ADC_ITConfig                             0x08000963   Thumb Code    24  stm32f10x_adc.o(.text)
    ADC_ResetCalibration                     0x0800097b   Thumb Code    10  stm32f10x_adc.o(.text)
    ADC_GetResetCalibrationStatus            0x08000985   Thumb Code    20  stm32f10x_adc.o(.text)
    ADC_StartCalibration                     0x08000999   Thumb Code    10  stm32f10x_adc.o(.text)
    ADC_GetCalibrationStatus                 0x080009a3   Thumb Code    20  stm32f10x_adc.o(.text)
    ADC_SoftwareStartConvCmd                 0x080009b7   Thumb Code    22  stm32f10x_adc.o(.text)
    ADC_GetSoftwareStartConvStatus           0x080009cd   Thumb Code    20  stm32f10x_adc.o(.text)
    ADC_DiscModeChannelCountConfig           0x080009e1   Thumb Code    24  stm32f10x_adc.o(.text)
    ADC_DiscModeCmd                          0x080009f9   Thumb Code    22  stm32f10x_adc.o(.text)
    ADC_RegularChannelConfig                 0x08000a0f   Thumb Code   184  stm32f10x_adc.o(.text)
    ADC_ExternalTrigConvCmd                  0x08000ac7   Thumb Code    22  stm32f10x_adc.o(.text)
    ADC_GetConversionValue                   0x08000add   Thumb Code     8  stm32f10x_adc.o(.text)
    ADC_GetDualModeConversionValue           0x08000ae5   Thumb Code     8  stm32f10x_adc.o(.text)
    ADC_AutoInjectedConvCmd                  0x08000aed   Thumb Code    22  stm32f10x_adc.o(.text)
    ADC_InjectedDiscModeCmd                  0x08000b03   Thumb Code    22  stm32f10x_adc.o(.text)
    ADC_ExternalTrigInjectedConvConfig       0x08000b19   Thumb Code    16  stm32f10x_adc.o(.text)
    ADC_ExternalTrigInjectedConvCmd          0x08000b29   Thumb Code    22  stm32f10x_adc.o(.text)
    ADC_SoftwareStartInjectedConvCmd         0x08000b3f   Thumb Code    22  stm32f10x_adc.o(.text)
    ADC_GetSoftwareStartInjectedConvCmdStatus 0x08000b55   Thumb Code    20  stm32f10x_adc.o(.text)
    ADC_InjectedChannelConfig                0x08000b69   Thumb Code   130  stm32f10x_adc.o(.text)
    ADC_InjectedSequencerLengthConfig        0x08000beb   Thumb Code    24  stm32f10x_adc.o(.text)
    ADC_SetInjectedOffset                    0x08000c03   Thumb Code    20  stm32f10x_adc.o(.text)
    ADC_GetInjectedConversionValue           0x08000c17   Thumb Code    28  stm32f10x_adc.o(.text)
    ADC_AnalogWatchdogCmd                    0x08000c33   Thumb Code    16  stm32f10x_adc.o(.text)
    ADC_AnalogWatchdogThresholdsConfig       0x08000c43   Thumb Code     6  stm32f10x_adc.o(.text)
    ADC_AnalogWatchdogSingleChannelConfig    0x08000c49   Thumb Code    16  stm32f10x_adc.o(.text)
    ADC_TempSensorVrefintCmd                 0x08000c59   Thumb Code    64  stm32f10x_adc.o(.text)
    ADC_GetFlagStatus                        0x08000c99   Thumb Code    18  stm32f10x_adc.o(.text)
    ADC_ClearFlag                            0x08000cab   Thumb Code     6  stm32f10x_adc.o(.text)
    ADC_GetITStatus                          0x08000cb1   Thumb Code    36  stm32f10x_adc.o(.text)
    ADC_ClearITPendingBit                    0x08000cd5   Thumb Code    10  stm32f10x_adc.o(.text)
    EXTI_DeInit                              0x08000ce1   Thumb Code    28  stm32f10x_exti.o(.text)
    EXTI_Init                                0x08000cfd   Thumb Code   142  stm32f10x_exti.o(.text)
    EXTI_StructInit                          0x08000d8b   Thumb Code    16  stm32f10x_exti.o(.text)
    EXTI_GenerateSWInterrupt                 0x08000d9b   Thumb Code    16  stm32f10x_exti.o(.text)
    EXTI_GetFlagStatus                       0x08000dab   Thumb Code    22  stm32f10x_exti.o(.text)
    EXTI_ClearFlag                           0x08000dc1   Thumb Code     8  stm32f10x_exti.o(.text)
    EXTI_GetITStatus                         0x08000dc9   Thumb Code    34  stm32f10x_exti.o(.text)
    EXTI_ClearITPendingBit                   0x08000deb   Thumb Code     8  stm32f10x_exti.o(.text)
    FLASH_SetLatency                         0x08000dfd   Thumb Code    18  stm32f10x_flash.o(.text)
    FLASH_HalfCycleAccessCmd                 0x08000e0f   Thumb Code    22  stm32f10x_flash.o(.text)
    FLASH_PrefetchBufferCmd                  0x08000e25   Thumb Code    22  stm32f10x_flash.o(.text)
    FLASH_Unlock                             0x08000e3b   Thumb Code    12  stm32f10x_flash.o(.text)
    FLASH_UnlockBank1                        0x08000e47   Thumb Code    12  stm32f10x_flash.o(.text)
    FLASH_Lock                               0x08000e53   Thumb Code    14  stm32f10x_flash.o(.text)
    FLASH_LockBank1                          0x08000e61   Thumb Code    14  stm32f10x_flash.o(.text)
    FLASH_GetBank1Status                     0x08000e6f   Thumb Code    48  stm32f10x_flash.o(.text)
    FLASH_WaitForLastOperation               0x08000e9f   Thumb Code    38  stm32f10x_flash.o(.text)
    FLASH_ErasePage                          0x08000ec5   Thumb Code    72  stm32f10x_flash.o(.text)
    FLASH_EraseAllPages                      0x08000f0d   Thumb Code    68  stm32f10x_flash.o(.text)
    FLASH_WaitForLastBank1Operation          0x08000f51   Thumb Code    38  stm32f10x_flash.o(.text)
    FLASH_EraseAllBank1Pages                 0x08000f77   Thumb Code    68  stm32f10x_flash.o(.text)
    FLASH_GetReadOutProtectionStatus         0x08000fbb   Thumb Code    20  stm32f10x_flash.o(.text)
    FLASH_EraseOptionBytes                   0x08000fcf   Thumb Code   150  stm32f10x_flash.o(.text)
    FLASH_ProgramWord                        0x08001065   Thumb Code   102  stm32f10x_flash.o(.text)
    FLASH_ProgramHalfWord                    0x080010cb   Thumb Code    60  stm32f10x_flash.o(.text)
    FLASH_ProgramOptionByteData              0x08001107   Thumb Code    72  stm32f10x_flash.o(.text)
    FLASH_EnableWriteProtection              0x0800114f   Thumb Code   200  stm32f10x_flash.o(.text)
    FLASH_ReadOutProtection                  0x08001217   Thumb Code   156  stm32f10x_flash.o(.text)
    FLASH_UserOptionByteConfig               0x080012b3   Thumb Code    88  stm32f10x_flash.o(.text)
    FLASH_GetUserOptionByte                  0x0800130b   Thumb Code     8  stm32f10x_flash.o(.text)
    FLASH_GetWriteProtectionOptionByte       0x08001313   Thumb Code     6  stm32f10x_flash.o(.text)
    FLASH_GetPrefetchBufferStatus            0x08001319   Thumb Code    20  stm32f10x_flash.o(.text)
    FLASH_ITConfig                           0x0800132d   Thumb Code    26  stm32f10x_flash.o(.text)
    FLASH_GetFlagStatus                      0x08001347   Thumb Code    42  stm32f10x_flash.o(.text)
    FLASH_ClearFlag                          0x08001371   Thumb Code     6  stm32f10x_flash.o(.text)
    FLASH_GetStatus                          0x08001377   Thumb Code    48  stm32f10x_flash.o(.text)
    GPIO_DeInit                              0x080013b9   Thumb Code   172  stm32f10x_gpio.o(.text)
    GPIO_AFIODeInit                          0x08001465   Thumb Code    20  stm32f10x_gpio.o(.text)
    GPIO_Init                                0x08001479   Thumb Code   274  stm32f10x_gpio.o(.text)
    GPIO_StructInit                          0x0800158b   Thumb Code    16  stm32f10x_gpio.o(.text)
    GPIO_ReadInputDataBit                    0x0800159b   Thumb Code    18  stm32f10x_gpio.o(.text)
    GPIO_ReadInputData                       0x080015ad   Thumb Code     8  stm32f10x_gpio.o(.text)
    GPIO_ReadOutputDataBit                   0x080015b5   Thumb Code    18  stm32f10x_gpio.o(.text)
    GPIO_ReadOutputData                      0x080015c7   Thumb Code     8  stm32f10x_gpio.o(.text)
    GPIO_SetBits                             0x080015cf   Thumb Code     4  stm32f10x_gpio.o(.text)
    GPIO_ResetBits                           0x080015d3   Thumb Code     4  stm32f10x_gpio.o(.text)
    GPIO_WriteBit                            0x080015d7   Thumb Code    10  stm32f10x_gpio.o(.text)
    GPIO_Write                               0x080015e1   Thumb Code     4  stm32f10x_gpio.o(.text)
    GPIO_PinLockConfig                       0x080015e5   Thumb Code    18  stm32f10x_gpio.o(.text)
    GPIO_EventOutputConfig                   0x080015f7   Thumb Code    26  stm32f10x_gpio.o(.text)
    GPIO_EventOutputCmd                      0x08001611   Thumb Code     6  stm32f10x_gpio.o(.text)
    GPIO_PinRemapConfig                      0x08001617   Thumb Code   138  stm32f10x_gpio.o(.text)
    GPIO_EXTILineConfig                      0x080016a1   Thumb Code    66  stm32f10x_gpio.o(.text)
    GPIO_ETH_MediaInterfaceConfig            0x080016e3   Thumb Code     6  stm32f10x_gpio.o(.text)
    SPI_I2S_DeInit                           0x08001711   Thumb Code    76  stm32f10x_spi.o(.text)
    SPI_Init                                 0x0800175d   Thumb Code    60  stm32f10x_spi.o(.text)
    I2S_Init                                 0x08001799   Thumb Code   226  stm32f10x_spi.o(.text)
    SPI_StructInit                           0x0800187b   Thumb Code    24  stm32f10x_spi.o(.text)
    I2S_StructInit                           0x08001893   Thumb Code    20  stm32f10x_spi.o(.text)
    SPI_Cmd                                  0x080018a7   Thumb Code    24  stm32f10x_spi.o(.text)
    I2S_Cmd                                  0x080018bf   Thumb Code    24  stm32f10x_spi.o(.text)
    SPI_I2S_ITConfig                         0x080018d7   Thumb Code    32  stm32f10x_spi.o(.text)
    SPI_I2S_DMACmd                           0x080018f7   Thumb Code    18  stm32f10x_spi.o(.text)
    SPI_I2S_SendData                         0x08001909   Thumb Code     4  stm32f10x_spi.o(.text)
    SPI_I2S_ReceiveData                      0x0800190d   Thumb Code     6  stm32f10x_spi.o(.text)
    SPI_NSSInternalSoftwareConfig            0x08001913   Thumb Code    30  stm32f10x_spi.o(.text)
    SPI_SSOutputCmd                          0x08001931   Thumb Code    24  stm32f10x_spi.o(.text)
    SPI_DataSizeConfig                       0x08001949   Thumb Code    18  stm32f10x_spi.o(.text)
    SPI_TransmitCRC                          0x0800195b   Thumb Code    10  stm32f10x_spi.o(.text)
    SPI_CalculateCRC                         0x08001965   Thumb Code    24  stm32f10x_spi.o(.text)
    SPI_GetCRC                               0x0800197d   Thumb Code    16  stm32f10x_spi.o(.text)
    SPI_GetCRCPolynomial                     0x0800198d   Thumb Code     6  stm32f10x_spi.o(.text)
    SPI_BiDirectionalLineConfig              0x08001993   Thumb Code    28  stm32f10x_spi.o(.text)
    SPI_I2S_GetFlagStatus                    0x080019af   Thumb Code    18  stm32f10x_spi.o(.text)
    SPI_I2S_ClearFlag                        0x080019c1   Thumb Code     6  stm32f10x_spi.o(.text)
    SPI_I2S_GetITStatus                      0x080019c7   Thumb Code    52  stm32f10x_spi.o(.text)
    SPI_I2S_ClearITPendingBit                0x080019fb   Thumb Code    20  stm32f10x_spi.o(.text)
    TIM_DeInit                               0x08001a1d   Thumb Code   424  stm32f10x_tim.o(.text)
    TIM_TimeBaseInit                         0x08001bc5   Thumb Code   122  stm32f10x_tim.o(.text)
    TIM_OC1Init                              0x08001c3f   Thumb Code   132  stm32f10x_tim.o(.text)
    TIM_OC2Init                              0x08001cc3   Thumb Code   154  stm32f10x_tim.o(.text)
    TIM_OC3Init                              0x08001d5d   Thumb Code   150  stm32f10x_tim.o(.text)
    TIM_OC4Init                              0x08001df3   Thumb Code   182  stm32f10x_tim.o(.text)
    TIM_SetIC4Prescaler                      0x08001ea9   Thumb Code    26  stm32f10x_tim.o(.text)
    TIM_SetIC3Prescaler                      0x08001f45   Thumb Code    18  stm32f10x_tim.o(.text)
    TIM_SetIC2Prescaler                      0x08001fd1   Thumb Code    26  stm32f10x_tim.o(.text)
    TIM_SetIC1Prescaler                      0x0800206d   Thumb Code    18  stm32f10x_tim.o(.text)
    TIM_ICInit                               0x080020eb   Thumb Code   150  stm32f10x_tim.o(.text)
    TIM_PWMIConfig                           0x08002181   Thumb Code   124  stm32f10x_tim.o(.text)
    TIM_BDTRConfig                           0x080021fd   Thumb Code    32  stm32f10x_tim.o(.text)
    TIM_TimeBaseStructInit                   0x0800221d   Thumb Code    18  stm32f10x_tim.o(.text)
    TIM_OCStructInit                         0x0800222f   Thumb Code    20  stm32f10x_tim.o(.text)
    TIM_ICStructInit                         0x08002243   Thumb Code    18  stm32f10x_tim.o(.text)
    TIM_BDTRStructInit                       0x08002255   Thumb Code    40  stm32f10x_tim.o(.text)
    TIM_Cmd                                  0x0800227d   Thumb Code    24  stm32f10x_tim.o(.text)
    TIM_CtrlPWMOutputs                       0x08002295   Thumb Code    30  stm32f10x_tim.o(.text)
    TIM_ITConfig                             0x080022b3   Thumb Code    18  stm32f10x_tim.o(.text)
    TIM_GenerateEvent                        0x080022c5   Thumb Code     4  stm32f10x_tim.o(.text)
    TIM_DMAConfig                            0x080022c9   Thumb Code    10  stm32f10x_tim.o(.text)
    TIM_DMACmd                               0x080022d3   Thumb Code    18  stm32f10x_tim.o(.text)
    TIM_InternalClockConfig                  0x080022e5   Thumb Code    12  stm32f10x_tim.o(.text)
    TIM_SelectInputTrigger                   0x080022f1   Thumb Code    18  stm32f10x_tim.o(.text)
    TIM_ITRxExternalClockConfig              0x08002303   Thumb Code    24  stm32f10x_tim.o(.text)
    TIM_TIxExternalClockConfig               0x0800231b   Thumb Code    62  stm32f10x_tim.o(.text)
    TIM_ETRConfig                            0x08002359   Thumb Code    28  stm32f10x_tim.o(.text)
    TIM_ETRClockMode1Config                  0x08002375   Thumb Code    54  stm32f10x_tim.o(.text)
    TIM_ETRClockMode2Config                  0x080023ab   Thumb Code    32  stm32f10x_tim.o(.text)
    TIM_PrescalerConfig                      0x080023cb   Thumb Code     6  stm32f10x_tim.o(.text)
    TIM_CounterModeConfig                    0x080023d1   Thumb Code    18  stm32f10x_tim.o(.text)
    TIM_EncoderInterfaceConfig               0x080023e3   Thumb Code    66  stm32f10x_tim.o(.text)
    TIM_ForcedOC1Config                      0x08002425   Thumb Code    18  stm32f10x_tim.o(.text)
    TIM_ForcedOC2Config                      0x08002437   Thumb Code    26  stm32f10x_tim.o(.text)
    TIM_ForcedOC3Config                      0x08002451   Thumb Code    18  stm32f10x_tim.o(.text)
    TIM_ForcedOC4Config                      0x08002463   Thumb Code    26  stm32f10x_tim.o(.text)
    TIM_ARRPreloadConfig                     0x0800247d   Thumb Code    24  stm32f10x_tim.o(.text)
    TIM_SelectCOM                            0x08002495   Thumb Code    24  stm32f10x_tim.o(.text)
    TIM_SelectCCDMA                          0x080024ad   Thumb Code    24  stm32f10x_tim.o(.text)
    TIM_CCPreloadControl                     0x080024c5   Thumb Code    24  stm32f10x_tim.o(.text)
    TIM_OC1PreloadConfig                     0x080024dd   Thumb Code    18  stm32f10x_tim.o(.text)
    TIM_OC2PreloadConfig                     0x080024ef   Thumb Code    26  stm32f10x_tim.o(.text)
    TIM_OC3PreloadConfig                     0x08002509   Thumb Code    18  stm32f10x_tim.o(.text)
    TIM_OC4PreloadConfig                     0x0800251b   Thumb Code    26  stm32f10x_tim.o(.text)
    TIM_OC1FastConfig                        0x08002535   Thumb Code    18  stm32f10x_tim.o(.text)
    TIM_OC2FastConfig                        0x08002547   Thumb Code    26  stm32f10x_tim.o(.text)
    TIM_OC3FastConfig                        0x08002561   Thumb Code    18  stm32f10x_tim.o(.text)
    TIM_OC4FastConfig                        0x08002573   Thumb Code    26  stm32f10x_tim.o(.text)
    TIM_ClearOC1Ref                          0x0800258d   Thumb Code    18  stm32f10x_tim.o(.text)
    TIM_ClearOC2Ref                          0x0800259f   Thumb Code    24  stm32f10x_tim.o(.text)
    TIM_ClearOC3Ref                          0x080025b7   Thumb Code    18  stm32f10x_tim.o(.text)
    TIM_ClearOC4Ref                          0x080025c9   Thumb Code    24  stm32f10x_tim.o(.text)
    TIM_OC1PolarityConfig                    0x080025e1   Thumb Code    18  stm32f10x_tim.o(.text)
    TIM_OC1NPolarityConfig                   0x080025f3   Thumb Code    18  stm32f10x_tim.o(.text)
    TIM_OC2PolarityConfig                    0x08002605   Thumb Code    26  stm32f10x_tim.o(.text)
    TIM_OC2NPolarityConfig                   0x0800261f   Thumb Code    26  stm32f10x_tim.o(.text)
    TIM_OC3PolarityConfig                    0x08002639   Thumb Code    26  stm32f10x_tim.o(.text)
    TIM_OC3NPolarityConfig                   0x08002653   Thumb Code    26  stm32f10x_tim.o(.text)
    TIM_OC4PolarityConfig                    0x0800266d   Thumb Code    26  stm32f10x_tim.o(.text)
    TIM_CCxCmd                               0x08002687   Thumb Code    30  stm32f10x_tim.o(.text)
    TIM_CCxNCmd                              0x080026a5   Thumb Code    30  stm32f10x_tim.o(.text)
    TIM_SelectOCxM                           0x080026c3   Thumb Code    82  stm32f10x_tim.o(.text)
    TIM_UpdateDisableConfig                  0x08002715   Thumb Code    24  stm32f10x_tim.o(.text)
    TIM_UpdateRequestConfig                  0x0800272d   Thumb Code    24  stm32f10x_tim.o(.text)
    TIM_SelectHallSensor                     0x08002745   Thumb Code    24  stm32f10x_tim.o(.text)
    TIM_SelectOnePulseMode                   0x0800275d   Thumb Code    18  stm32f10x_tim.o(.text)
    TIM_SelectOutputTrigger                  0x0800276f   Thumb Code    18  stm32f10x_tim.o(.text)
    TIM_SelectSlaveMode                      0x08002781   Thumb Code    18  stm32f10x_tim.o(.text)
    TIM_SelectMasterSlaveMode                0x08002793   Thumb Code    18  stm32f10x_tim.o(.text)
    TIM_SetCounter                           0x080027a5   Thumb Code     4  stm32f10x_tim.o(.text)
    TIM_SetAutoreload                        0x080027a9   Thumb Code     4  stm32f10x_tim.o(.text)
    TIM_SetCompare1                          0x080027ad   Thumb Code     4  stm32f10x_tim.o(.text)
    TIM_SetCompare2                          0x080027b1   Thumb Code     4  stm32f10x_tim.o(.text)
    TIM_SetCompare3                          0x080027b5   Thumb Code     4  stm32f10x_tim.o(.text)
    TIM_SetCompare4                          0x080027b9   Thumb Code     6  stm32f10x_tim.o(.text)
    TIM_SetClockDivision                     0x080027bf   Thumb Code    18  stm32f10x_tim.o(.text)
    TIM_GetCapture1                          0x080027d1   Thumb Code     6  stm32f10x_tim.o(.text)
    TIM_GetCapture2                          0x080027d7   Thumb Code     6  stm32f10x_tim.o(.text)
    TIM_GetCapture3                          0x080027dd   Thumb Code     6  stm32f10x_tim.o(.text)
    TIM_GetCapture4                          0x080027e3   Thumb Code     8  stm32f10x_tim.o(.text)
    TIM_GetCounter                           0x080027eb   Thumb Code     6  stm32f10x_tim.o(.text)
    TIM_GetPrescaler                         0x080027f1   Thumb Code     6  stm32f10x_tim.o(.text)
    TIM_GetFlagStatus                        0x080027f7   Thumb Code    18  stm32f10x_tim.o(.text)
    TIM_ClearFlag                            0x08002809   Thumb Code     6  stm32f10x_tim.o(.text)
    TIM_GetITStatus                          0x0800280f   Thumb Code    34  stm32f10x_tim.o(.text)
    TIM_ClearITPendingBit                    0x08002831   Thumb Code     6  stm32f10x_tim.o(.text)
    USART_DeInit                             0x08002839   Thumb Code   134  stm32f10x_usart.o(.text)
    USART_Init                               0x080028bf   Thumb Code   210  stm32f10x_usart.o(.text)
    USART_StructInit                         0x08002991   Thumb Code    24  stm32f10x_usart.o(.text)
    USART_ClockInit                          0x080029a9   Thumb Code    34  stm32f10x_usart.o(.text)
    USART_ClockStructInit                    0x080029cb   Thumb Code    12  stm32f10x_usart.o(.text)
    USART_Cmd                                0x080029d7   Thumb Code    24  stm32f10x_usart.o(.text)
    USART_ITConfig                           0x080029ef   Thumb Code    74  stm32f10x_usart.o(.text)
    USART_DMACmd                             0x08002a39   Thumb Code    18  stm32f10x_usart.o(.text)
    USART_SetAddress                         0x08002a4b   Thumb Code    18  stm32f10x_usart.o(.text)
    USART_WakeUpConfig                       0x08002a5d   Thumb Code    18  stm32f10x_usart.o(.text)
    USART_ReceiverWakeUpCmd                  0x08002a6f   Thumb Code    24  stm32f10x_usart.o(.text)
    USART_LINBreakDetectLengthConfig         0x08002a87   Thumb Code    18  stm32f10x_usart.o(.text)
    USART_LINCmd                             0x08002a99   Thumb Code    24  stm32f10x_usart.o(.text)
    USART_SendData                           0x08002ab1   Thumb Code     8  stm32f10x_usart.o(.text)
    USART_ReceiveData                        0x08002ab9   Thumb Code    10  stm32f10x_usart.o(.text)
    USART_SendBreak                          0x08002ac3   Thumb Code    10  stm32f10x_usart.o(.text)
    USART_SetGuardTime                       0x08002acd   Thumb Code    16  stm32f10x_usart.o(.text)
    USART_SetPrescaler                       0x08002add   Thumb Code    16  stm32f10x_usart.o(.text)
    USART_SmartCardCmd                       0x08002aed   Thumb Code    24  stm32f10x_usart.o(.text)
    USART_SmartCardNACKCmd                   0x08002b05   Thumb Code    24  stm32f10x_usart.o(.text)
    USART_HalfDuplexCmd                      0x08002b1d   Thumb Code    24  stm32f10x_usart.o(.text)
    USART_OverSampling8Cmd                   0x08002b35   Thumb Code    22  stm32f10x_usart.o(.text)
    USART_OneBitMethodCmd                    0x08002b4b   Thumb Code    24  stm32f10x_usart.o(.text)
    USART_IrDAConfig                         0x08002b63   Thumb Code    18  stm32f10x_usart.o(.text)
    USART_IrDACmd                            0x08002b75   Thumb Code    24  stm32f10x_usart.o(.text)
    USART_GetFlagStatus                      0x08002b8d   Thumb Code    26  stm32f10x_usart.o(.text)
    USART_ClearFlag                          0x08002ba7   Thumb Code    18  stm32f10x_usart.o(.text)
    USART_GetITStatus                        0x08002bb9   Thumb Code    84  stm32f10x_usart.o(.text)
    USART_ClearITPendingBit                  0x08002c0d   Thumb Code    52  stm32f10x_usart.o(.text)
    DMA_DeInit                               0x08002c41   Thumb Code   324  stm32f10x_dma.o(.text)
    DMA_Init                                 0x08002d85   Thumb Code    60  stm32f10x_dma.o(.text)
    DMA_StructInit                           0x08002dc1   Thumb Code    26  stm32f10x_dma.o(.text)
    DMA_Cmd                                  0x08002ddb   Thumb Code    24  stm32f10x_dma.o(.text)
    DMA_ITConfig                             0x08002df3   Thumb Code    18  stm32f10x_dma.o(.text)
    DMA_SetCurrDataCounter                   0x08002e05   Thumb Code     4  stm32f10x_dma.o(.text)
    DMA_GetCurrDataCounter                   0x08002e09   Thumb Code     8  stm32f10x_dma.o(.text)
    DMA_GetFlagStatus                        0x08002e11   Thumb Code    38  stm32f10x_dma.o(.text)
    DMA_ClearFlag                            0x08002e37   Thumb Code    22  stm32f10x_dma.o(.text)
    DMA_GetITStatus                          0x08002e4d   Thumb Code    38  stm32f10x_dma.o(.text)
    DMA_ClearITPendingBit                    0x08002e73   Thumb Code    22  stm32f10x_dma.o(.text)
    I2C_DeInit                               0x08002e91   Thumb Code    50  stm32f10x_i2c.o(.text)
    I2C_Init                                 0x08002ec3   Thumb Code   222  stm32f10x_i2c.o(.text)
    I2C_StructInit                           0x08002fa1   Thumb Code    30  stm32f10x_i2c.o(.text)
    I2C_Cmd                                  0x08002fbf   Thumb Code    24  stm32f10x_i2c.o(.text)
    I2C_DMACmd                               0x08002fd7   Thumb Code    24  stm32f10x_i2c.o(.text)
    I2C_DMALastTransferCmd                   0x08002fef   Thumb Code    24  stm32f10x_i2c.o(.text)
    I2C_GenerateSTART                        0x08003007   Thumb Code    24  stm32f10x_i2c.o(.text)
    I2C_GenerateSTOP                         0x0800301f   Thumb Code    24  stm32f10x_i2c.o(.text)
    I2C_AcknowledgeConfig                    0x08003037   Thumb Code    24  stm32f10x_i2c.o(.text)
    I2C_OwnAddress2Config                    0x0800304f   Thumb Code    22  stm32f10x_i2c.o(.text)
    I2C_DualAddressCmd                       0x08003065   Thumb Code    24  stm32f10x_i2c.o(.text)
    I2C_GeneralCallCmd                       0x0800307d   Thumb Code    24  stm32f10x_i2c.o(.text)
    I2C_ITConfig                             0x08003095   Thumb Code    18  stm32f10x_i2c.o(.text)
    I2C_SendData                             0x080030a7   Thumb Code     4  stm32f10x_i2c.o(.text)
    I2C_ReceiveData                          0x080030ab   Thumb Code     8  stm32f10x_i2c.o(.text)
    I2C_Send7bitAddress                      0x080030b3   Thumb Code    18  stm32f10x_i2c.o(.text)
    I2C_ReadRegister                         0x080030c5   Thumb Code    22  stm32f10x_i2c.o(.text)
    I2C_SoftwareResetCmd                     0x080030db   Thumb Code    22  stm32f10x_i2c.o(.text)
    I2C_NACKPositionConfig                   0x080030f1   Thumb Code    28  stm32f10x_i2c.o(.text)
    I2C_SMBusAlertConfig                     0x0800310d   Thumb Code    28  stm32f10x_i2c.o(.text)
    I2C_TransmitPEC                          0x08003129   Thumb Code    24  stm32f10x_i2c.o(.text)
    I2C_PECPositionConfig                    0x08003141   Thumb Code    28  stm32f10x_i2c.o(.text)
    I2C_CalculatePEC                         0x0800315d   Thumb Code    24  stm32f10x_i2c.o(.text)
    I2C_GetPEC                               0x08003175   Thumb Code     8  stm32f10x_i2c.o(.text)
    I2C_ARPCmd                               0x0800317d   Thumb Code    24  stm32f10x_i2c.o(.text)
    I2C_StretchClockCmd                      0x08003195   Thumb Code    24  stm32f10x_i2c.o(.text)
    I2C_FastModeDutyCycleConfig              0x080031ad   Thumb Code    28  stm32f10x_i2c.o(.text)
    I2C_CheckEvent                           0x080031c9   Thumb Code    42  stm32f10x_i2c.o(.text)
    I2C_GetLastEvent                         0x080031f3   Thumb Code    26  stm32f10x_i2c.o(.text)
    I2C_GetFlagStatus                        0x0800320d   Thumb Code    58  stm32f10x_i2c.o(.text)
    I2C_ClearFlag                            0x08003247   Thumb Code    12  stm32f10x_i2c.o(.text)
    I2C_GetITStatus                          0x08003253   Thumb Code    54  stm32f10x_i2c.o(.text)
    I2C_ClearITPendingBit                    0x08003289   Thumb Code    12  stm32f10x_i2c.o(.text)
    SDIO_DeInit                              0x08003295   Thumb Code    28  stm32f10x_sdio.o(.text)
    SDIO_Init                                0x080032b1   Thumb Code    42  stm32f10x_sdio.o(.text)
    SDIO_StructInit                          0x080032db   Thumb Code    16  stm32f10x_sdio.o(.text)
    SDIO_ClockCmd                            0x080032eb   Thumb Code     6  stm32f10x_sdio.o(.text)
    SDIO_SetPowerState                       0x080032f1   Thumb Code    22  stm32f10x_sdio.o(.text)
    SDIO_GetPowerState                       0x08003307   Thumb Code    10  stm32f10x_sdio.o(.text)
    SDIO_ITConfig                            0x08003311   Thumb Code    26  stm32f10x_sdio.o(.text)
    SDIO_DMACmd                              0x0800332b   Thumb Code     6  stm32f10x_sdio.o(.text)
    SDIO_SendCommand                         0x08003331   Thumb Code    38  stm32f10x_sdio.o(.text)
    SDIO_CmdStructInit                       0x08003357   Thumb Code    14  stm32f10x_sdio.o(.text)
    SDIO_GetCommandResponse                  0x08003365   Thumb Code     8  stm32f10x_sdio.o(.text)
    SDIO_GetResponse                         0x0800336d   Thumb Code    22  stm32f10x_sdio.o(.text)
    SDIO_DataConfig                          0x08003383   Thumb Code    42  stm32f10x_sdio.o(.text)
    SDIO_DataStructInit                      0x080033ad   Thumb Code    20  stm32f10x_sdio.o(.text)
    SDIO_GetDataCounter                      0x080033c1   Thumb Code     6  stm32f10x_sdio.o(.text)
    SDIO_ReadData                            0x080033c7   Thumb Code     6  stm32f10x_sdio.o(.text)
    SDIO_WriteData                           0x080033cd   Thumb Code     6  stm32f10x_sdio.o(.text)
    SDIO_GetFIFOCount                        0x080033d3   Thumb Code     6  stm32f10x_sdio.o(.text)
    SDIO_StartSDIOReadWait                   0x080033d9   Thumb Code     8  stm32f10x_sdio.o(.text)
    SDIO_StopSDIOReadWait                    0x080033e1   Thumb Code     8  stm32f10x_sdio.o(.text)
    SDIO_SetSDIOReadWaitMode                 0x080033e9   Thumb Code     8  stm32f10x_sdio.o(.text)
    SDIO_SetSDIOOperation                    0x080033f1   Thumb Code     8  stm32f10x_sdio.o(.text)
    SDIO_SendSDIOSuspendCmd                  0x080033f9   Thumb Code     6  stm32f10x_sdio.o(.text)
    SDIO_CommandCompletionCmd                0x080033ff   Thumb Code     6  stm32f10x_sdio.o(.text)
    SDIO_CEATAITCmd                          0x08003405   Thumb Code    10  stm32f10x_sdio.o(.text)
    SDIO_SendCEATACmd                        0x0800340f   Thumb Code     6  stm32f10x_sdio.o(.text)
    SDIO_GetFlagStatus                       0x08003415   Thumb Code    20  stm32f10x_sdio.o(.text)
    SDIO_ClearFlag                           0x08003429   Thumb Code     6  stm32f10x_sdio.o(.text)
    SDIO_GetITStatus                         0x0800342f   Thumb Code    20  stm32f10x_sdio.o(.text)
    SDIO_ClearITPendingBit                   0x08003443   Thumb Code     6  stm32f10x_sdio.o(.text)
    main                                     0x0800346d   Thumb Code   140  main.o(.text)
    NMI_Handler                              0x0800350d   Thumb Code     2  stm32f10x_it.o(.text)
    HardFault_Handler                        0x0800350f   Thumb Code     4  stm32f10x_it.o(.text)
    MemManage_Handler                        0x08003513   Thumb Code     4  stm32f10x_it.o(.text)
    BusFault_Handler                         0x08003517   Thumb Code     4  stm32f10x_it.o(.text)
    UsageFault_Handler                       0x0800351b   Thumb Code     4  stm32f10x_it.o(.text)
    SVC_Handler                              0x0800351f   Thumb Code     2  stm32f10x_it.o(.text)
    DebugMon_Handler                         0x08003521   Thumb Code     2  stm32f10x_it.o(.text)
    PendSV_Handler                           0x08003523   Thumb Code     2  stm32f10x_it.o(.text)
    SysTick_Handler                          0x08003525   Thumb Code    28  stm32f10x_it.o(.text)
    USART1_IRQHandler                        0x08003541   Thumb Code   122  stm32f10x_it.o(.text)
    LedOpen                                  0x080035c9   Thumb Code    28  led.o(.text)
    LedCtrl                                  0x080035e5   Thumb Code   148  led.o(.text)
    LedTick                                  0x08003679   Thumb Code    12  led.o(.text)
    ADCLowLevelInit                          0x0800368d   Thumb Code   152  adc.o(.text)
    UserADCGetValue                          0x08003725   Thumb Code    50  adc.o(.text)
    SPILowLevelInit                          0x0800375d   Thumb Code    92  spi.o(.text)
    SPI_SendByte                             0x080037b9   Thumb Code    50  spi.o(.text)
    SPI_Write_Reg                            0x080037eb   Thumb Code    36  spi.o(.text)
    SPI_Write_Buf                            0x0800380f   Thumb Code    56  spi.o(.text)
    SPI_Read_Reg                             0x08003847   Thumb Code    40  spi.o(.text)
    SPI_Read_Buf                             0x0800386f   Thumb Code    56  spi.o(.text)
    SPI_Write_Reg_2                          0x080038a7   Thumb Code    32  spi.o(.text)
    SPI_Write_Buf_2                          0x080038c7   Thumb Code    50  spi.o(.text)
    SPI_Read_Reg_2                           0x080038f9   Thumb Code    36  spi.o(.text)
    SPI_Read_Buf_2                           0x0800391d   Thumb Code    50  spi.o(.text)
    UARTOpen                                 0x08003959   Thumb Code   104  uart.o(.text)
    fputc                                    0x080039c1   Thumb Code    32  uart.o(.text)
    EEPROM_Write                             0x080039e9   Thumb Code   104  eeprom.o(.text)
    EEPROM_Read                              0x08003a51   Thumb Code    40  eeprom.o(.text)
    BtnOpen                                  0x08003a8d   Thumb Code    98  button.o(.text)
    BtnScan                                  0x08003aef   Thumb Code   510  button.o(.text)
    ButtonUpdate                             0x08003ced   Thumb Code    22  button.o(.text)
    StickKnobOpen                            0x08003d35   Thumb Code   192  stickknob.o(.text)
    StickKnobUpdate                          0x08003df5   Thumb Code   392  stickknob.o(.text)
    StickKnobCalibrationEdge                 0x08003f7d   Thumb Code   272  stickknob.o(.text)
    StickKnobCalibrationMiddle               0x0800408d   Thumb Code   204  stickknob.o(.text)
    GPIO_Configuration                       0x08004159   Thumb Code    40  timer.o(.text)
    RCC_Configuration                        0x08004181   Thumb Code    20  timer.o(.text)
    Timer3Init                               0x08004195   Thumb Code   116  timer.o(.text)
    Tim3Channel1Update                       0x08004209   Thumb Code    90  timer.o(.text)
    Tim3Channel2Update                       0x08004263   Thumb Code    90  timer.o(.text)
    STM_EVAL_LEDInit                         0x080042e1   Thumb Code    52  stm3210e_eval.o(.text)
    STM_EVAL_LEDOn                           0x08004315   Thumb Code    16  stm3210e_eval.o(.text)
    STM_EVAL_LEDOff                          0x08004325   Thumb Code    16  stm3210e_eval.o(.text)
    STM_EVAL_LEDToggle                       0x08004335   Thumb Code    26  stm3210e_eval.o(.text)
    STM_EVAL_PBInit                          0x0800434f   Thumb Code   146  stm3210e_eval.o(.text)
    STM_EVAL_PBGetState                      0x080043e1   Thumb Code    22  stm3210e_eval.o(.text)
    STM_EVAL_COMInit                         0x080043f7   Thumb Code   146  stm3210e_eval.o(.text)
    STM_EVAL_ADC_Port_Init                   0x08004489   Thumb Code    46  stm3210e_eval.o(.text)
    SD_LowLevel_DeInit                       0x080044b7   Thumb Code    66  stm3210e_eval.o(.text)
    SD_LowLevel_Init                         0x080044f9   Thumb Code    92  stm3210e_eval.o(.text)
    SD_LowLevel_DMA_TxConfig                 0x08004555   Thumb Code    86  stm3210e_eval.o(.text)
    SD_LowLevel_DMA_RxConfig                 0x080045ab   Thumb Code    86  stm3210e_eval.o(.text)
    SD_DMAEndOfTransferStatus                0x08004601   Thumb Code    10  stm3210e_eval.o(.text)
    sFLASH_LowLevel_DeInit                   0x0800460b   Thumb Code    90  stm3210e_eval.o(.text)
    sFLASH_LowLevel_Init                     0x08004665   Thumb Code   224  stm3210e_eval.o(.text)
    Bk242x_LowLevel_Init                     0x08004745   Thumb Code   114  stm3210e_eval.o(.text)
    Bk242xTx_CS_LOW                          0x080047b7   Thumb Code    12  stm3210e_eval.o(.text)
    Bk242xTx_CS_HIGH                         0x080047c3   Thumb Code    12  stm3210e_eval.o(.text)
    Bk242xTx_CE_LOW                          0x080047cf   Thumb Code    12  stm3210e_eval.o(.text)
    Bk242xTx_CE_HIGH                         0x080047db   Thumb Code    12  stm3210e_eval.o(.text)
    Bk242xRx_CS_LOW                          0x080047e7   Thumb Code    12  stm3210e_eval.o(.text)
    Bk242xRx_CS_HIGH                         0x080047f3   Thumb Code    12  stm3210e_eval.o(.text)
    Bk242xRx_CE_LOW                          0x080047ff   Thumb Code    12  stm3210e_eval.o(.text)
    Bk242xRx_CE_HIGH                         0x0800480b   Thumb Code    12  stm3210e_eval.o(.text)
    LM75_LowLevel_DeInit                     0x08004817   Thumb Code    76  stm3210e_eval.o(.text)
    LM75_LowLevel_Init                       0x08004863   Thumb Code    80  stm3210e_eval.o(.text)
    usmart_sys_cmd_exe                       0x080048c1   Thumb Code  1476  usmart.o(.text)
    usmart_init                              0x08004e85   Thumb Code     8  usmart.o(.text)
    usmart_cmd_rec                           0x08004e8d   Thumb Code   166  usmart.o(.text)
    usmart_exe                               0x08004f33   Thumb Code   558  usmart.o(.text)
    usmart_scan                              0x08005161   Thumb Code   304  usmart.o(.text)
    USMARTStick                              0x08005291   Thumb Code    12  usmart.o(.text)
    USMARTScan                               0x0800529d   Thumb Code    24  usmart.o(.text)
    usmart_strcmp                            0x080052bd   Thumb Code    34  usmart_str.o(.text)
    usmart_strcopy                           0x080052df   Thumb Code    22  usmart_str.o(.text)
    usmart_strlen                            0x080052f5   Thumb Code    24  usmart_str.o(.text)
    usmart_pow                               0x0800530d   Thumb Code    22  usmart_str.o(.text)
    usmart_str2num                           0x08005323   Thumb Code   202  usmart_str.o(.text)
    usmart_get_cmdname                       0x080053ed   Thumb Code    54  usmart_str.o(.text)
    usmart_search_nextc                      0x08005423   Thumb Code    20  usmart_str.o(.text)
    usmart_get_fname                         0x08005437   Thumb Code   318  usmart_str.o(.text)
    usmart_get_aparm                         0x08005575   Thumb Code   188  usmart_str.o(.text)
    usmart_get_parmpos                       0x08005631   Thumb Code    26  usmart_str.o(.text)
    usmart_get_fparam                        0x0800564b   Thumb Code   262  usmart_str.o(.text)
    RFInitialization                         0x0800575d   Thumb Code   360  bk242x.o(.text)
    RFDeviceOpen                             0x080058c5   Thumb Code   260  bk242x.o(.text)
    RFGetRandomFreq                          0x080059c9   Thumb Code    26  bk242x.o(.text)
    RFTxCtrl                                 0x080059e3   Thumb Code   294  bk242x.o(.text)
    RFGetNNextRandomFreq                     0x08005b09   Thumb Code    34  bk242x.o(.text)
    RFGetNextRandomFreq                      0x08005b2b   Thumb Code    22  bk242x.o(.text)
    RFRxCtrl                                 0x08005b41   Thumb Code   362  bk242x.o(.text)
    RFTxBind                                 0x08005cab   Thumb Code   610  bk242x.o(.text)
    RFRxBind                                 0x08005f0d   Thumb Code   598  bk242x.o(.text)
    RFTick                                   0x08006163   Thumb Code    58  bk242x.o(.text)
    RFBindCallFunction                       0x080061a5   Thumb Code     2  bk242x_sub.o(.text)
    RFGetUinqueAddr                          0x080061a7   Thumb Code    18  bk242x_sub.o(.text)
    RFDelay                                  0x080061b9   Thumb Code    12  bk242x_sub.o(.text)
    RFWriteReg                               0x080061c5   Thumb Code    26  bk242x_sub.o(.text)
    RFWriteBuf                               0x080061df   Thumb Code    34  bk242x_sub.o(.text)
    RFWriteCmd                               0x08006201   Thumb Code    24  bk242x_sub.o(.text)
    RFReadReg                                0x08006219   Thumb Code    20  bk242x_sub.o(.text)
    RFWritePayload                           0x0800622d   Thumb Code    32  bk242x_sub.o(.text)
    RFReadPayload                            0x0800624d   Thumb Code    32  bk242x_sub.o(.text)
    RFPowerDown                              0x0800626d   Thumb Code    22  bk242x_sub.o(.text)
    RFStandby                                0x08006283   Thumb Code    22  bk242x_sub.o(.text)
    RFClearFlags                             0x08006299   Thumb Code    16  bk242x_sub.o(.text)
    RFFlushTx                                0x080062a9   Thumb Code    16  bk242x_sub.o(.text)
    RFFlushRx                                0x080062b9   Thumb Code    16  bk242x_sub.o(.text)
    RFTxStart                                0x080062c9   Thumb Code    16  bk242x_sub.o(.text)
    RFRxStart                                0x080062d9   Thumb Code    16  bk242x_sub.o(.text)
    RFBankSelect                             0x080062e9   Thumb Code    36  bk242x_sub.o(.text)
    RFPackageSplit                           0x0800630d   Thumb Code   234  rfpackage.o(.text)
    RFPackageSplice                          0x080063f7   Thumb Code   192  rfpackage.o(.text)
    RFSendPackage                            0x080064b7   Thumb Code    64  rfpackage.o(.text)
    __2printf                                0x080064f9   Thumb Code    20  noretval__2printf.o(.text)
    _printf_pre_padding                      0x08006511   Thumb Code    46  _printf_pad.o(.text)
    _printf_post_padding                     0x0800653f   Thumb Code    36  _printf_pad.o(.text)
    _printf_str                              0x08006563   Thumb Code    82  _printf_str.o(.text)
    _printf_int_dec                          0x080065b5   Thumb Code   102  _printf_dec.o(.text)
    _printf_int_hex                          0x0800662d   Thumb Code    88  _printf_hex_int.o(.text)
    _printf_longlong_hex                     0x0800662d   Thumb Code     0  _printf_hex_int.o(.text)
    __printf                                 0x08006689   Thumb Code   390  __printf_flags_ss_wp.o(.text)
    __use_two_region_memory                  0x08006815   Thumb Code     2  heapauxi.o(.text)
    __rt_heap_escrow                         0x08006817   Thumb Code     2  heapauxi.o(.text)
    __rt_heap_expand                         0x08006819   Thumb Code     2  heapauxi.o(.text)
    _printf_int_common                       0x0800681b   Thumb Code   184  _printf_intcommon.o(.text)
    _printf_cs_common                        0x080068d3   Thumb Code    20  _printf_char.o(.text)
    _printf_char                             0x080068e7   Thumb Code    16  _printf_char.o(.text)
    _printf_string                           0x080068f7   Thumb Code     8  _printf_char.o(.text)
    _printf_char_file                        0x08006901   Thumb Code    32  _printf_char_file.o(.text)
    _printf_char_common                      0x0800692f   Thumb Code    32  _printf_char_common.o(.text)
    ferror                                   0x08006955   Thumb Code     8  ferror.o(.text)
    _initio                                  0x0800695d   Thumb Code   210  initio.o(.text)
    _terminateio                             0x08006a2f   Thumb Code    56  initio.o(.text)
    _sys_open                                0x08006a95   Thumb Code    20  sys_io.o(.text)
    _sys_close                               0x08006aa9   Thumb Code    12  sys_io.o(.text)
    _sys_write                               0x08006ab5   Thumb Code    16  sys_io.o(.text)
    _sys_read                                0x08006ac5   Thumb Code    14  sys_io.o(.text)
    _sys_istty                               0x08006ad3   Thumb Code    12  sys_io.o(.text)
    _sys_seek                                0x08006adf   Thumb Code    14  sys_io.o(.text)
    _sys_ensure                              0x08006aed   Thumb Code     2  sys_io.o(.text)
    _sys_flen                                0x08006aef   Thumb Code    12  sys_io.o(.text)
    __user_setup_stackheap                   0x08006afb   Thumb Code    74  sys_stackheap_outer.o(.text)
    free                                     0x08006b45   Thumb Code    78  h1_free.o(.text)
    setvbuf                                  0x08006b93   Thumb Code    70  setvbuf.o(.text)
    freopen                                  0x08006bd9   Thumb Code   158  fopen.o(.text)
    fopen                                    0x08006c77   Thumb Code    74  fopen.o(.text)
    _fclose_internal                         0x08006cc5   Thumb Code    76  fclose.o(.text)
    fclose                                   0x08006cc5   Thumb Code     0  fclose.o(.text)
    exit                                     0x08006d11   Thumb Code    12  exit.o(.text)
    __rt_SIGRTRED                            0x08006d1d   Thumb Code    14  defsig_rtred_outer.o(.text)
    __aeabi_memclr4                          0x08006d2b   Thumb Code     0  rt_memclr_w.o(.text)
    __aeabi_memclr8                          0x08006d2b   Thumb Code     0  rt_memclr_w.o(.text)
    __rt_memclr_w                            0x08006d2b   Thumb Code    78  rt_memclr_w.o(.text)
    _memset_w                                0x08006d2f   Thumb Code     0  rt_memclr_w.o(.text)
    __user_libspace                          0x08006d79   Thumb Code     8  libspace.o(.text)
    __user_perproc_libspace                  0x08006d79   Thumb Code     0  libspace.o(.text)
    __user_perthread_libspace                0x08006d79   Thumb Code     0  libspace.o(.text)
    __I$use$semihosting                      0x08006d81   Thumb Code     0  use_no_semi.o(.text)
    __use_no_semihosting_swi                 0x08006d81   Thumb Code     2  use_no_semi.o(.text)
    __semihosting_library_function           0x08006d83   Thumb Code     0  indicate_semi.o(.text)
    __rt_heap_descriptor                     0x08006d85   Thumb Code     8  rt_heap_descriptor_intlibspace.o(.text)
    __use_no_heap                            0x08006d8d   Thumb Code     2  hguard.o(.text)
    __heap$guard                             0x08006d8f   Thumb Code     2  hguard.o(.text)
    _terminate_user_alloc                    0x08006d91   Thumb Code     2  init_alloc.o(.text)
    _init_user_alloc                         0x08006d93   Thumb Code     2  init_alloc.o(.text)
    __Heap_Full                              0x08006d95   Thumb Code    34  init_alloc.o(.text)
    __Heap_Broken                            0x08006db7   Thumb Code     6  init_alloc.o(.text)
    _init_alloc                              0x08006dbd   Thumb Code    94  init_alloc.o(.text)
    malloc                                   0x08006e1b   Thumb Code    94  h1_alloc.o(.text)
    _fseek                                   0x08006e79   Thumb Code   242  fseek.o(.text)
    fseek                                    0x08006e79   Thumb Code     0  fseek.o(.text)
    _seterr                                  0x08006f71   Thumb Code    20  stdio.o(.text)
    _writebuf                                0x08006f85   Thumb Code    84  stdio.o(.text)
    _fflush                                  0x08006fd9   Thumb Code    70  stdio.o(.text)
    _deferredlazyseek                        0x0800701f   Thumb Code    60  stdio.o(.text)
    __sig_exit                               0x08007061   Thumb Code    10  defsig_exit.o(.text)
    __rt_SIGRTRED_inner                      0x0800706d   Thumb Code    14  defsig_rtred_inner.o(.text)
    strlen                                   0x080070a1   Thumb Code    62  strlen.o(.text)
    _sys_exit                                0x080070e1   Thumb Code     8  sys_exit.o(.text)
    __Heap_Initialize                        0x080070ed   Thumb Code    10  h1_init.o(.text)
    __Heap_DescSize                          0x080070f7   Thumb Code     4  h1_init.o(.text)
    __Heap_ProvideMemory                     0x080070fb   Thumb Code    52  h1_extend.o(.text)
    _ftell_internal                          0x0800712f   Thumb Code    70  ftell.o(.text)
    ftell                                    0x0800712f   Thumb Code     0  ftell.o(.text)
    __default_signal_display                 0x08007175   Thumb Code    50  defsig_general.o(.text)
    __rt_SIGRTMEM                            0x080071a7   Thumb Code    14  defsig_rtmem_outer.o(.text)
    _ttywrch                                 0x080071b5   Thumb Code    14  sys_wrch.o(.text)
    __aeabi_errno_addr                       0x080071c5   Thumb Code     8  rt_errno_addr_intlibspace.o(.text)
    __errno$intlibspace                      0x080071c5   Thumb Code     0  rt_errno_addr_intlibspace.o(.text)
    __rt_errno_addr$intlibspace              0x080071c5   Thumb Code     0  rt_errno_addr_intlibspace.o(.text)
    __rt_SIGRTMEM_inner                      0x080071cd   Thumb Code    22  defsig_rtmem_inner.o(.text)
    _is_digit                                0x0800721d   Thumb Code    14  __printf_wp.o(i._is_digit)
    __fpl_fcmp_Inf                           0x0800722b   Thumb Code    24  fcmpi.o(x$fpl$fcmpinf)
    __aeabi_fdiv                             0x08007245   Thumb Code     0  fdiv.o(x$fpl$fdiv)
    _fdiv                                    0x08007245   Thumb Code   384  fdiv.o(x$fpl$fdiv)
    __aeabi_f2uiz                            0x080073c9   Thumb Code     0  ffixu.o(x$fpl$ffixu)
    _ffixu                                   0x080073c9   Thumb Code    62  ffixu.o(x$fpl$ffixu)
    __aeabi_i2f                              0x08007409   Thumb Code     0  fflt_clz.o(x$fpl$fflt)
    _fflt                                    0x08007409   Thumb Code    48  fflt_clz.o(x$fpl$fflt)
    __aeabi_ui2f                             0x08007439   Thumb Code     0  fflt_clz.o(x$fpl$ffltu)
    _ffltu                                   0x08007439   Thumb Code    38  fflt_clz.o(x$fpl$ffltu)
    __aeabi_cfcmple                          0x08007461   Thumb Code     0  fleqf.o(x$fpl$fleqf)
    _fcmple                                  0x08007461   Thumb Code   104  fleqf.o(x$fpl$fleqf)
    __fpl_fcmple_InfNaN                      0x080074b3   Thumb Code     0  fleqf.o(x$fpl$fleqf)
    __aeabi_fmul                             0x080074c9   Thumb Code     0  fmul.o(x$fpl$fmul)
    _fmul                                    0x080074c9   Thumb Code   258  fmul.o(x$fpl$fmul)
    __fpl_fnaninf                            0x080075cb   Thumb Code   140  fnaninf.o(x$fpl$fnaninf)
    __fpl_fretinf                            0x08007657   Thumb Code    10  fretinf.o(x$fpl$fretinf)
    __I$use$fp                               0x08007660   Number         0  usenofp.o(x$fpl$usenofp)
    GPIO_PIN                                 0x080076b0   Data           8  stm3210e_eval.o(.constdata)
    GPIO_CLK                                 0x080076b8   Data          16  stm3210e_eval.o(.constdata)
    BUTTON_PIN                               0x080076c8   Data          16  stm3210e_eval.o(.constdata)
    BUTTON_CLK                               0x080076d8   Data          32  stm3210e_eval.o(.constdata)
    BUTTON_EXTI_LINE                         0x080076f8   Data          16  stm3210e_eval.o(.constdata)
    BUTTON_PORT_SOURCE                       0x08007708   Data          16  stm3210e_eval.o(.constdata)
    BUTTON_PIN_SOURCE                        0x08007718   Data          16  stm3210e_eval.o(.constdata)
    BUTTON_IRQn                              0x08007728   Data          16  stm3210e_eval.o(.constdata)
    COM_USART_CLK                            0x08007738   Data           8  stm3210e_eval.o(.constdata)
    COM_TX_PORT_CLK                          0x08007740   Data           8  stm3210e_eval.o(.constdata)
    COM_RX_PORT_CLK                          0x08007748   Data           8  stm3210e_eval.o(.constdata)
    COM_TX_PIN                               0x08007750   Data           4  stm3210e_eval.o(.constdata)
    COM_RX_PIN                               0x08007754   Data           4  stm3210e_eval.o(.constdata)
    GPIO_PIN_ADC                             0x08007758   Data          16  stm3210e_eval.o(.constdata)
    GPIO_CLK_ADC                             0x08007768   Data          32  stm3210e_eval.o(.constdata)
    Bank1_Reg0_13                            0x08007788   Data          56  bk242x.o(.constdata)
    Bank1_Reg14                              0x080077c0   Data          11  bk242x.o(.constdata)
    Bank0_Reg                                0x080077cb   Data          20  bk242x.o(.constdata)
    RFFrequencyTable                         0x080077df   Data          16  bk242x.o(.constdata)
    __stdin_name                             0x08007828   Data           4  sys_io.o(.constdata)
    __stdout_name                            0x0800782c   Data           4  sys_io.o(.constdata)
    __stderr_name                            0x08007830   Data           4  sys_io.o(.constdata)
    Region$$Table$$Base                      0x08007898   Number         0  anon$$obj.o(Region$$Table)
    Region$$Table$$Limit                     0x080078b8   Number         0  anon$$obj.o(Region$$Table)
    SystemCoreClock                          0x20000000   Data           4  system_stm32f10x.o(.data)
    AHBPrescTable                            0x20000004   Data          16  system_stm32f10x.o(.data)
    USART_RX_STA                             0x2000002c   Data           2  uart.o(.data)
    EraseCounter                             0x20000030   Data           4  eeprom.o(.data)
    NbrOfPage                                0x20000034   Data           4  eeprom.o(.data)
    FLASHStatus                              0x20000038   Data           1  eeprom.o(.data)
    BtnLeftStickRollL                        0x2000003c   Data           4  button.o(.data)
    BtnLeftStickRollR                        0x20000040   Data           4  button.o(.data)
    BtnLeftStickPitchU                       0x20000044   Data           4  button.o(.data)
    BtnLeftStickPitchD                       0x20000048   Data           4  button.o(.data)
    BtnRightStickRollL                       0x2000004c   Data           4  button.o(.data)
    BtnRightStickRollR                       0x20000050   Data           4  button.o(.data)
    BtnRightStickPitchU                      0x20000054   Data           4  button.o(.data)
    BtnRightStickPitchD                      0x20000058   Data           4  button.o(.data)
    BtnLeftTop                               0x2000005c   Data           4  button.o(.data)
    BtnRightTop                              0x20000060   Data           4  button.o(.data)
    ButtonTimer                              0x20000064   Data           1  button.o(.data)
    pStickKnobBuf                            0x20000068   Data           4  stickknob.o(.data)
    StickLeftPitch                           0x2000006c   Data           4  stickknob.o(.data)
    StickLeftRoll                            0x20000070   Data           4  stickknob.o(.data)
    StickRightPitch                          0x20000074   Data           4  stickknob.o(.data)
    StickRightRoll                           0x20000078   Data           4  stickknob.o(.data)
    Knob1                                    0x2000007c   Data           4  stickknob.o(.data)
    Knob2                                    0x20000080   Data           4  stickknob.o(.data)
    Knob3                                    0x20000084   Data           4  stickknob.o(.data)
    Knob4                                    0x20000088   Data           4  stickknob.o(.data)
    StickKnobCalTimer                        0x2000008c   Data           2  stickknob.o(.data)
    CCR1_Val                                 0x2000008e   Data           2  timer.o(.data)
    CCR2_Val                                 0x20000090   Data           2  timer.o(.data)
    CCR3_Val                                 0x20000092   Data           2  timer.o(.data)
    CCR4_Val                                 0x20000094   Data           2  timer.o(.data)
    PrescalerValue                           0x20000096   Data           2  timer.o(.data)
    GPIO_PORT                                0x20000098   Data          16  stm3210e_eval.o(.data)
    BUTTON_PORT                              0x200000a8   Data          32  stm3210e_eval.o(.data)
    COM_USART                                0x200000c8   Data           8  stm3210e_eval.o(.data)
    COM_TX_PORT                              0x200000d0   Data           8  stm3210e_eval.o(.data)
    COM_RX_PORT                              0x200000d8   Data           8  stm3210e_eval.o(.data)
    GPIO_PORT_ADC                            0x200000e0   Data          32  stm3210e_eval.o(.data)
    sys_cmd_tab                              0x20000100   Data          24  usmart.o(.data)
    USMARTScanTimer                          0x20000118   Data           1  usmart.o(.data)
    usmart_nametab                           0x2000011c   Data          16  usmart_config.o(.data)
    usmart_dev                               0x2000012c   Data         236  usmart_config.o(.data)
    Bk242xTx                                 0x20000218   Data           4  bk242x.o(.data)
    Bk242xRx                                 0x2000021c   Data           4  bk242x.o(.data)
    __aeabi_stdin                            0x20000220   Data           4  stdio_streams.o(.data)
    __aeabi_stdout                           0x20000224   Data           4  stdio_streams.o(.data)
    __aeabi_stderr                           0x20000228   Data           4  stdio_streams.o(.data)
    USART_RX_BUF                             0x2000022c   Data         200  uart.o(.bss)
    ConfigGlobal                             0x200002f4   Data         104  eeprom.o(.bss)
    ButtonBuf                                0x2000035c   Data          20  button.o(.bss)
    TIM_TimeBaseStructure                    0x20000370   Data          10  timer.o(.bss)
    TIM_OCInitStructure                      0x2000037a   Data          16  timer.o(.bss)
    Bk242xDev                                0x2000038c   Data        2048  bk242x.o(.bss)
    __stdin                                  0x20000b8c   Data          84  stdio_streams.o(.bss)
    __stdout                                 0x20000be0   Data          84  stdio_streams.o(.bss)
    __stderr                                 0x20000c34   Data          84  stdio_streams.o(.bss)
    __libspace_start                         0x20000c88   Data          96  libspace.o(.bss)
    __temporary_stack_top$libspace           0x20000ce8   Data           0  libspace.o(.bss)



==============================================================================

Memory Map of the image

  Image Entry point : 0x080000ed

  Load Region LR_IROM1 (Base: 0x08000000, Size: 0x00007ae4, Max: 0x00020000, ABSOLUTE, COMPRESSED[0x00007958])

    Execution Region ER_IROM1 (Base: 0x08000000, Size: 0x000078b8, Max: 0x00020000, ABSOLUTE)

    Base Addr    Size         Type   Attr      Idx    E Section Name        Object

    0x08000000   0x000000ec   Data   RO          116    RESET               startup_stm32f10x_md.o
    0x080000ec   0x00000008   Code   RO          715  * !!!main             c_w.l(__main.o)
    0x080000f4   0x00000034   Code   RO         1064    !!!scatter          c_w.l(__scatter.o)
    0x08000128   0x0000005a   Code   RO         1062    !!dczerorl2         c_w.l(__dczerorl2.o)
    0x08000182   0x00000002   PAD
    0x08000184   0x0000001c   Code   RO         1066    !!handler_zi        c_w.l(__scatter_zi.o)
    0x080001a0   0x00000000   Code   RO          712    .ARM.Collect$$_printf_percent$$00000000  c_w.l(_printf_percent.o)
    0x080001a0   0x00000006   Code   RO          711    .ARM.Collect$$_printf_percent$$0000000A  c_w.l(_printf_u.o)
    0x080001a6   0x00000006   Code   RO          710    .ARM.Collect$$_printf_percent$$0000000C  c_w.l(_printf_x.o)
    0x080001ac   0x00000006   Code   RO          708    .ARM.Collect$$_printf_percent$$00000013  c_w.l(_printf_c.o)
    0x080001b2   0x00000006   Code   RO          709    .ARM.Collect$$_printf_percent$$00000014  c_w.l(_printf_s.o)
    0x080001b8   0x00000004   Code   RO          742    .ARM.Collect$$_printf_percent$$00000017  c_w.l(_printf_percent_end.o)
    0x080001bc   0x00000002   Code   RO          872    .ARM.Collect$$libinit$$00000000  c_w.l(libinit.o)
    0x080001be   0x00000000   Code   RO          874    .ARM.Collect$$libinit$$00000002  c_w.l(libinit2.o)
    0x080001be   0x00000008   Code   RO          875    .ARM.Collect$$libinit$$00000003  c_w.l(libinit2.o)
    0x080001c6   0x00000000   Code   RO          877    .ARM.Collect$$libinit$$00000008  c_w.l(libinit2.o)
    0x080001c6   0x00000000   Code   RO          879    .ARM.Collect$$libinit$$0000000A  c_w.l(libinit2.o)
    0x080001c6   0x00000000   Code   RO          881    .ARM.Collect$$libinit$$0000000C  c_w.l(libinit2.o)
    0x080001c6   0x00000000   Code   RO          884    .ARM.Collect$$libinit$$0000000F  c_w.l(libinit2.o)
    0x080001c6   0x00000000   Code   RO          886    .ARM.Collect$$libinit$$00000011  c_w.l(libinit2.o)
    0x080001c6   0x00000000   Code   RO          888    .ARM.Collect$$libinit$$00000013  c_w.l(libinit2.o)
    0x080001c6   0x00000000   Code   RO          890    .ARM.Collect$$libinit$$00000015  c_w.l(libinit2.o)
    0x080001c6   0x00000000   Code   RO          892    .ARM.Collect$$libinit$$00000017  c_w.l(libinit2.o)
    0x080001c6   0x00000000   Code   RO          894    .ARM.Collect$$libinit$$00000019  c_w.l(libinit2.o)
    0x080001c6   0x00000000   Code   RO          896    .ARM.Collect$$libinit$$0000001B  c_w.l(libinit2.o)
    0x080001c6   0x00000000   Code   RO          898    .ARM.Collect$$libinit$$0000001D  c_w.l(libinit2.o)
    0x080001c6   0x00000000   Code   RO          900    .ARM.Collect$$libinit$$0000001F  c_w.l(libinit2.o)
    0x080001c6   0x00000000   Code   RO          902    .ARM.Collect$$libinit$$00000021  c_w.l(libinit2.o)
    0x080001c6   0x00000004   Code   RO          903    .ARM.Collect$$libinit$$00000022  c_w.l(libinit2.o)
    0x080001ca   0x00000000   Code   RO          904    .ARM.Collect$$libinit$$00000023  c_w.l(libinit2.o)
    0x080001ca   0x00000000   Code   RO          908    .ARM.Collect$$libinit$$0000002A  c_w.l(libinit2.o)
    0x080001ca   0x00000000   Code   RO          910    .ARM.Collect$$libinit$$0000002C  c_w.l(libinit2.o)
    0x080001ca   0x00000000   Code   RO          912    .ARM.Collect$$libinit$$0000002E  c_w.l(libinit2.o)
    0x080001ca   0x00000000   Code   RO          914    .ARM.Collect$$libinit$$00000030  c_w.l(libinit2.o)
    0x080001ca   0x00000002   Code   RO          915    .ARM.Collect$$libinit$$00000031  c_w.l(libinit2.o)
    0x080001cc   0x00000002   Code   RO         1041    .ARM.Collect$$libshutdown$$00000000  c_w.l(libshutdown.o)
    0x080001ce   0x00000004   Code   RO          917    .ARM.Collect$$libshutdown$$00000002  c_w.l(libshutdown2.o)
    0x080001d2   0x00000000   Code   RO          918    .ARM.Collect$$libshutdown$$00000003  c_w.l(libshutdown2.o)
    0x080001d2   0x00000000   Code   RO          921    .ARM.Collect$$libshutdown$$00000006  c_w.l(libshutdown2.o)
    0x080001d2   0x00000000   Code   RO          924    .ARM.Collect$$libshutdown$$00000009  c_w.l(libshutdown2.o)
    0x080001d2   0x00000000   Code   RO          926    .ARM.Collect$$libshutdown$$0000000B  c_w.l(libshutdown2.o)
    0x080001d2   0x00000000   Code   RO          929    .ARM.Collect$$libshutdown$$0000000E  c_w.l(libshutdown2.o)
    0x080001d2   0x00000002   Code   RO          930    .ARM.Collect$$libshutdown$$0000000F  c_w.l(libshutdown2.o)
    0x080001d4   0x00000000   Code   RO          735    .ARM.Collect$$rtentry$$00000000  c_w.l(rtentry.o)
    0x080001d4   0x00000000   Code   RO          757    .ARM.Collect$$rtentry$$00000002  c_w.l(rtentry2.o)
    0x080001d4   0x00000006   Code   RO          769    .ARM.Collect$$rtentry$$00000004  c_w.l(rtentry4.o)
    0x080001da   0x00000000   Code   RO          759    .ARM.Collect$$rtentry$$00000009  c_w.l(rtentry2.o)
    0x080001da   0x00000004   Code   RO          760    .ARM.Collect$$rtentry$$0000000A  c_w.l(rtentry2.o)
    0x080001de   0x00000000   Code   RO          762    .ARM.Collect$$rtentry$$0000000C  c_w.l(rtentry2.o)
    0x080001de   0x00000008   Code   RO          763    .ARM.Collect$$rtentry$$0000000D  c_w.l(rtentry2.o)
    0x080001e6   0x00000002   Code   RO          937    .ARM.Collect$$rtexit$$00000000  c_w.l(rtexit.o)
    0x080001e8   0x00000000   Code   RO          987    .ARM.Collect$$rtexit$$00000002  c_w.l(rtexit2.o)
    0x080001e8   0x00000004   Code   RO          988    .ARM.Collect$$rtexit$$00000003  c_w.l(rtexit2.o)
    0x080001ec   0x00000006   Code   RO          989    .ARM.Collect$$rtexit$$00000004  c_w.l(rtexit2.o)
    0x080001f2   0x00000002   PAD
    0x080001f4   0x00000000   Code   RO          993    .emb_text           c_w.l(maybetermalloc1.o)
    0x080001f4   0x000001dc   Code   RO            1    .text               system_stm32f10x.o
    0x080003d0   0x00000040   Code   RO          117    .text               startup_stm32f10x_md.o
    0x08000410   0x000003a4   Code   RO          121    .text               stm32f10x_rcc.o
    0x080007b4   0x000000dc   Code   RO          139    .text               misc.o
    0x08000890   0x0000044e   Code   RO          151    .text               stm32f10x_adc.o
    0x08000cde   0x00000002   PAD
    0x08000ce0   0x0000011c   Code   RO          163    .text               stm32f10x_exti.o
    0x08000dfc   0x000005bc   Code   RO          175    .text               stm32f10x_flash.o
    0x080013b8   0x00000358   Code   RO          187    .text               stm32f10x_gpio.o
    0x08001710   0x0000030c   Code   RO          211    .text               stm32f10x_spi.o
    0x08001a1c   0x00000e1a   Code   RO          223    .text               stm32f10x_tim.o
    0x08002836   0x00000002   PAD
    0x08002838   0x00000408   Code   RO          235    .text               stm32f10x_usart.o
    0x08002c40   0x00000250   Code   RO          247    .text               stm32f10x_dma.o
    0x08002e90   0x00000404   Code   RO          259    .text               stm32f10x_i2c.o
    0x08003294   0x000001d8   Code   RO          271    .text               stm32f10x_sdio.o
    0x0800346c   0x000000a0   Code   RO          283    .text               main.o
    0x0800350c   0x000000bc   Code   RO          367    .text               stm32f10x_it.o
    0x080035c8   0x000000c4   Code   RO          387    .text               led.o
    0x0800368c   0x000000d0   Code   RO          401    .text               adc.o
    0x0800375c   0x000001fc   Code   RO          413    .text               spi.o
    0x08003958   0x00000090   Code   RO          443    .text               uart.o
    0x080039e8   0x000000a4   Code   RO          467    .text               eeprom.o
    0x08003a8c   0x000002a8   Code   RO          486    .text               button.o
    0x08003d34   0x00000424   Code   RO          502    .text               stickknob.o
    0x08004158   0x00000188   Code   RO          536    .text               timer.o
    0x080042e0   0x000005e0   Code   RO          552    .text               stm3210e_eval.o
    0x080048c0   0x000009fc   Code   RO          568    .text               usmart.o
    0x080052bc   0x000004a0   Code   RO          597    .text               usmart_str.o
    0x0800575c   0x00000a48   Code   RO          609    .text               bk242x.o
    0x080061a4   0x00000168   Code   RO          629    .text               bk242x_sub.o
    0x0800630c   0x000001ea   Code   RO          641    .text               rfpackage.o
    0x080064f6   0x00000002   PAD
    0x080064f8   0x00000018   Code   RO          657    .text               c_w.l(noretval__2printf.o)
    0x08006510   0x00000052   Code   RO          661    .text               c_w.l(_printf_pad.o)
    0x08006562   0x00000052   Code   RO          663    .text               c_w.l(_printf_str.o)
    0x080065b4   0x00000078   Code   RO          665    .text               c_w.l(_printf_dec.o)
    0x0800662c   0x0000005c   Code   RO          670    .text               c_w.l(_printf_hex_int.o)
    0x08006688   0x0000018c   Code   RO          705    .text               c_w.l(__printf_flags_ss_wp.o)
    0x08006814   0x00000006   Code   RO          713    .text               c_w.l(heapauxi.o)
    0x0800681a   0x000000b8   Code   RO          736    .text               c_w.l(_printf_intcommon.o)
    0x080068d2   0x0000002c   Code   RO          738    .text               c_w.l(_printf_char.o)
    0x080068fe   0x00000002   PAD
    0x08006900   0x00000024   Code   RO          740    .text               c_w.l(_printf_char_file.o)
    0x08006924   0x00000030   Code   RO          771    .text               c_w.l(_printf_char_common.o)
    0x08006954   0x00000008   Code   RO          773    .text               c_w.l(ferror.o)
    0x0800695c   0x00000138   Code   RO          775    .text               c_w.l(initio.o)
    0x08006a94   0x00000066   Code   RO          781    .text               c_w.l(sys_io.o)
    0x08006afa   0x0000004a   Code   RO          788    .text               c_w.l(sys_stackheap_outer.o)
    0x08006b44   0x0000004e   Code   RO          792    .text               c_w.l(h1_free.o)
    0x08006b92   0x00000046   Code   RO          848    .text               c_w.l(setvbuf.o)
    0x08006bd8   0x000000ec   Code   RO          851    .text               c_w.l(fopen.o)
    0x08006cc4   0x0000004c   Code   RO          853    .text               c_w.l(fclose.o)
    0x08006d10   0x0000000c   Code   RO          859    .text               c_w.l(exit.o)
    0x08006d1c   0x0000000e   Code   RO          861    .text               c_w.l(defsig_rtred_outer.o)
    0x08006d2a   0x0000004e   Code   RO          865    .text               c_w.l(rt_memclr_w.o)
    0x08006d78   0x00000008   Code   RO          931    .text               c_w.l(libspace.o)
    0x08006d80   0x00000002   Code   RO          934    .text               c_w.l(use_no_semi.o)
    0x08006d82   0x00000000   Code   RO          936    .text               c_w.l(indicate_semi.o)
    0x08006d82   0x00000002   PAD
    0x08006d84   0x00000008   Code   RO          944    .text               c_w.l(rt_heap_descriptor_intlibspace.o)
    0x08006d8c   0x00000004   Code   RO          946    .text               c_w.l(hguard.o)
    0x08006d90   0x0000008a   Code   RO          948    .text               c_w.l(init_alloc.o)
    0x08006e1a   0x0000005e   Code   RO          954    .text               c_w.l(h1_alloc.o)
    0x08006e78   0x000000f8   Code   RO          968    .text               c_w.l(fseek.o)
    0x08006f70   0x000000f0   Code   RO          970    .text               c_w.l(stdio.o)
    0x08007060   0x0000000a   Code   RO          972    .text               c_w.l(defsig_exit.o)
    0x0800706a   0x00000002   PAD
    0x0800706c   0x00000034   Code   RO          974    .text               c_w.l(defsig_rtred_inner.o)
    0x080070a0   0x0000003e   Code   RO          976    .text               c_w.l(strlen.o)
    0x080070de   0x00000002   PAD
    0x080070e0   0x0000000c   Code   RO          984    .text               c_w.l(sys_exit.o)
    0x080070ec   0x0000000e   Code   RO          995    .text               c_w.l(h1_init.o)
    0x080070fa   0x00000034   Code   RO          997    .text               c_w.l(h1_extend.o)
    0x0800712e   0x00000046   Code   RO         1003    .text               c_w.l(ftell.o)
    0x08007174   0x00000032   Code   RO         1007    .text               c_w.l(defsig_general.o)
    0x080071a6   0x0000000e   Code   RO         1009    .text               c_w.l(defsig_rtmem_outer.o)
    0x080071b4   0x0000000e   Code   RO         1022    .text               c_w.l(sys_wrch.o)
    0x080071c2   0x00000002   PAD
    0x080071c4   0x00000008   Code   RO         1029    .text               c_w.l(rt_errno_addr_intlibspace.o)
    0x080071cc   0x00000050   Code   RO         1035    .text               c_w.l(defsig_rtmem_inner.o)
    0x0800721c   0x0000000e   Code   RO          698    i._is_digit         c_w.l(__printf_wp.o)
    0x0800722a   0x00000018   Code   RO          749    x$fpl$fcmpinf       fz_ws.l(fcmpi.o)
    0x08007242   0x00000002   PAD
    0x08007244   0x00000184   Code   RO          718    x$fpl$fdiv          fz_ws.l(fdiv.o)
    0x080073c8   0x0000003e   Code   RO          721    x$fpl$ffixu         fz_ws.l(ffixu.o)
    0x08007406   0x00000002   PAD
    0x08007408   0x00000030   Code   RO          726    x$fpl$fflt          fz_ws.l(fflt_clz.o)
    0x08007438   0x00000026   Code   RO          725    x$fpl$ffltu         fz_ws.l(fflt_clz.o)
    0x0800745e   0x00000002   PAD
    0x08007460   0x00000068   Code   RO          731    x$fpl$fleqf         fz_ws.l(fleqf.o)
    0x080074c8   0x00000102   Code   RO          733    x$fpl$fmul          fz_ws.l(fmul.o)
    0x080075ca   0x0000008c   Code   RO          751    x$fpl$fnaninf       fz_ws.l(fnaninf.o)
    0x08007656   0x0000000a   Code   RO          753    x$fpl$fretinf       fz_ws.l(fretinf.o)
    0x08007660   0x00000000   Code   RO          755    x$fpl$usenofp       fz_ws.l(usenofp.o)
    0x08007660   0x0000004e   Data   RO          445    .constdata          uart.o
    0x080076ae   0x00000002   PAD
    0x080076b0   0x000000d8   Data   RO          553    .constdata          stm3210e_eval.o
    0x08007788   0x00000067   Data   RO          611    .constdata          bk242x.o
    0x080077ef   0x00000028   Data   RO          671    .constdata          c_w.l(_printf_hex_int.o)
    0x08007817   0x00000011   Data   RO          706    .constdata          c_w.l(__printf_flags_ss_wp.o)
    0x08007828   0x00000004   Data   RO          782    .constdata          c_w.l(sys_io.o)
    0x0800782c   0x00000004   Data   RO          783    .constdata          c_w.l(sys_io.o)
    0x08007830   0x00000004   Data   RO          784    .constdata          c_w.l(sys_io.o)
    0x08007834   0x00000017   Data   RO          569    .conststring        usmart.o
    0x0800784b   0x0000004a   Data   RO          584    .conststring        usmart_config.o
    0x08007895   0x00000003   PAD
    0x08007898   0x00000020   Data   RO         1060    Region$$Table       anon$$obj.o


    Execution Region RW_IRAM1 (Base: 0x20000000, Size: 0x000012e8, Max: 0x00004000, ABSOLUTE, COMPRESSED[0x000000a0])

    Base Addr    Size         Type   Attr      Idx    E Section Name        Object

    0x20000000   0x00000014   Data   RW            2    .data               system_stm32f10x.o
    0x20000014   0x00000014   Data   RW          122    .data               stm32f10x_rcc.o
    0x20000028   0x00000001   Data   RW          368    .data               stm32f10x_it.o
    0x20000029   0x00000002   Data   RW          388    .data               led.o
    0x2000002b   0x00000001   PAD
    0x2000002c   0x00000002   Data   RW          446    .data               uart.o
    0x2000002e   0x00000002   PAD
    0x20000030   0x00000009   Data   RW          469    .data               eeprom.o
    0x20000039   0x00000003   PAD
    0x2000003c   0x00000029   Data   RW          488    .data               button.o
    0x20000065   0x00000003   PAD
    0x20000068   0x00000026   Data   RW          503    .data               stickknob.o
    0x2000008e   0x0000000a   Data   RW          538    .data               timer.o
    0x20000098   0x00000068   Data   RW          554    .data               stm3210e_eval.o
    0x20000100   0x00000019   Data   RW          570    .data               usmart.o
    0x20000119   0x00000003   PAD
    0x2000011c   0x000000fc   Data   RW          585    .data               usmart_config.o
    0x20000218   0x00000008   Data   RW          612    .data               bk242x.o
    0x20000220   0x00000004   Data   RW          746    .data               c_w.l(stdio_streams.o)
    0x20000224   0x00000004   Data   RW          747    .data               c_w.l(stdio_streams.o)
    0x20000228   0x00000004   Data   RW          748    .data               c_w.l(stdio_streams.o)
    0x2000022c   0x000000c8   Zero   RW          444    .bss                uart.o
    0x200002f4   0x00000068   Zero   RW          468    .bss                eeprom.o
    0x2000035c   0x00000014   Zero   RW          487    .bss                button.o
    0x20000370   0x0000001a   Zero   RW          537    .bss                timer.o
    0x2000038a   0x00000002   PAD
    0x2000038c   0x00000800   Zero   RW          610    .bss                bk242x.o
    0x20000b8c   0x00000054   Zero   RW          743    .bss                c_w.l(stdio_streams.o)
    0x20000be0   0x00000054   Zero   RW          744    .bss                c_w.l(stdio_streams.o)
    0x20000c34   0x00000054   Zero   RW          745    .bss                c_w.l(stdio_streams.o)
    0x20000c88   0x00000060   Zero   RW          932    .bss                c_w.l(libspace.o)
    0x20000ce8   0x00000200   Zero   RW          115    HEAP                startup_stm32f10x_md.o
    0x20000ee8   0x00000400   Zero   RW          114    STACK               startup_stm32f10x_md.o


==============================================================================

Image component sizes


      Code (inc. data)   RO Data    RW Data    ZI Data      Debug   Object Name

       208          6          0          0          0        766   adc.o
      2632         78        103          8       2048       4995   bk242x.o
       360          0          0          0          0       3801   bk242x_sub.o
       680         50          0         41         20       2282   button.o
         0          0          0          0          0         32   core_cm3.o
       164         20          0          9        104       1737   eeprom.o
       196          8          0          2          0        946   led.o
       160         20          0          0          0      23462   main.o
       220         20          0          0          0       1801   misc.o
       490          0          0          0          0       2099   rfpackage.o
       508         10          0          0          0       3255   spi.o
        64         26        236          0       1536        848   startup_stm32f10x_md.o
      1060         44          0         38          0       2398   stickknob.o
      1504        138        216        104          0       6994   stm3210e_eval.o
      1102         26          0          0          0      10833   stm32f10x_adc.o
       592          8          0          0          0       4326   stm32f10x_dma.o
       284         10          0          0          0       2231   stm32f10x_exti.o
      1468         34          0          0          0       8030   stm32f10x_flash.o
       856         40          0          0          0       5645   stm32f10x_gpio.o
      1028         16          0          0          0       9103   stm32f10x_i2c.o
       188         14          0          1          0       1468   stm32f10x_it.o
       932         44          0         20          0       8776   stm32f10x_rcc.o
       472         36          0          0          0       7088   stm32f10x_sdio.o
       780         14          0          0          0       6526   stm32f10x_spi.o
      3610         88          0          0          0      22128   stm32f10x_tim.o
      1032         22          0          0          0       8368   stm32f10x_usart.o
       476         36          0         20          0     304679   system_stm32f10x.o
       392         36          0         10         26       1883   timer.o
       144          8         78          2        200       1253   uart.o
      2556       1130         23         25          0       3076   usmart.o
         0          0         74        252          0       1264   usmart_config.o
      1184         12          0          0          0       4761   usmart_str.o

    ----------------------------------------------------------------------
     25348       1994        767        544       3936     466854   Object Totals
         0          0         32          0          0          0   (incl. Generated)
         6          0          5         12          2          0   (incl. Padding)

    ----------------------------------------------------------------------

      Code (inc. data)   RO Data    RW Data    ZI Data      Debug   Library Member Name

        90          0          0          0          0          0   __dczerorl2.o
         8          0          0          0          0         68   __main.o
       396          6         17          0          0         92   __printf_flags_ss_wp.o
        14          0          0          0          0         68   __printf_wp.o
        52          8          0          0          0          0   __scatter.o
        28          0          0          0          0          0   __scatter_zi.o
         6          0          0          0          0          0   _printf_c.o
        44          0          0          0          0        108   _printf_char.o
        48          6          0          0          0         96   _printf_char_common.o
        36          4          0          0          0         80   _printf_char_file.o
       120         18          0          0          0         92   _printf_dec.o
        92          4         40          0          0         88   _printf_hex_int.o
       184          0          0          0          0         88   _printf_intcommon.o
        82          0          0          0          0        108   _printf_pad.o
         0          0          0          0          0          0   _printf_percent.o
         4          0          0          0          0          0   _printf_percent_end.o
         6          0          0          0          0          0   _printf_s.o
        82          0          0          0          0         80   _printf_str.o
         6          0          0          0          0          0   _printf_u.o
         6          0          0          0          0          0   _printf_x.o
        10          0          0          0          0         68   defsig_exit.o
        50          0          0          0          0         88   defsig_general.o
        80         58          0          0          0         76   defsig_rtmem_inner.o
        14          0          0          0          0         80   defsig_rtmem_outer.o
        52         38          0          0          0         76   defsig_rtred_inner.o
        14          0          0          0          0         80   defsig_rtred_outer.o
        12          0          0          0          0         72   exit.o
        76          0          0          0          0         88   fclose.o
         8          0          0          0          0         68   ferror.o
       236          4          0          0          0        128   fopen.o
       248          6          0          0          0         84   fseek.o
        70          0          0          0          0         76   ftell.o
        94          0          0          0          0         80   h1_alloc.o
        52          0          0          0          0         68   h1_extend.o
        78          0          0          0          0         80   h1_free.o
        14          0          0          0          0         84   h1_init.o
         6          0          0          0          0        152   heapauxi.o
         4          0          0          0          0        136   hguard.o
         0          0          0          0          0          0   indicate_semi.o
       138          0          0          0          0        168   init_alloc.o
       312         46          0          0          0        112   initio.o
         2          0          0          0          0          0   libinit.o
        14          0          0          0          0          0   libinit2.o
         2          0          0          0          0          0   libshutdown.o
         6          0          0          0          0          0   libshutdown2.o
         8          4          0          0         96         68   libspace.o
         0          0          0          0          0          0   maybetermalloc1.o
        24          4          0          0          0         84   noretval__2printf.o
         8          4          0          0          0         68   rt_errno_addr_intlibspace.o
         8          4          0          0          0         68   rt_heap_descriptor_intlibspace.o
        78          0          0          0          0         80   rt_memclr_w.o
         0          0          0          0          0          0   rtentry.o
        12          0          0          0          0          0   rtentry2.o
         6          0          0          0          0          0   rtentry4.o
         2          0          0          0          0          0   rtexit.o
        10          0          0          0          0          0   rtexit2.o
        70          0          0          0          0         80   setvbuf.o
       240          6          0          0          0        156   stdio.o
         0          0          0         12        252          0   stdio_streams.o
        62          0          0          0          0         76   strlen.o
        12          4          0          0          0         68   sys_exit.o
       102          0         12          0          0        240   sys_io.o
        74          0          0          0          0         80   sys_stackheap_outer.o
        14          0          0          0          0         76   sys_wrch.o
         2          0          0          0          0         68   use_no_semi.o
        24          0          0          0          0         68   fcmpi.o
       388         76          0          0          0         96   fdiv.o
        62          4          0          0          0         84   ffixu.o
        86          0          0          0          0        136   fflt_clz.o
       104          4          0          0          0         84   fleqf.o
       258          4          0          0          0         84   fmul.o
       140          4          0          0          0         84   fnaninf.o
        10          0          0          0          0         68   fretinf.o
         0          0          0          0          0          0   usenofp.o

    ----------------------------------------------------------------------
      4720        316         69         12        348       4748   Library Totals
        20          0          0          0          0          0   (incl. Padding)

    ----------------------------------------------------------------------

      Code (inc. data)   RO Data    RW Data    ZI Data      Debug   Library Name

      3628        224         69         12        348       4044   c_w.l
      1072         92          0          0          0        704   fz_ws.l

    ----------------------------------------------------------------------
      4720        316         69         12        348       4748   Library Totals

    ----------------------------------------------------------------------

==============================================================================


      Code (inc. data)   RO Data    RW Data    ZI Data      Debug   

     30068       2310        836        556       4284     465622   Grand Totals
     30068       2310        836        160       4284     465622   ELF Image Totals (compressed)
     30068       2310        836        160          0          0   ROM Totals

==============================================================================

    Total RO  Size (Code + RO Data)                30904 (  30.18kB)
    Total RW  Size (RW Data + ZI Data)              4840 (   4.73kB)
    Total ROM Size (Code + RO Data + RW Data)      31064 (  30.34kB)

==============================================================================

